[Licensing::Module] Trying to connect to existing licensing client channel...
Built from '6000.2/staging' branch; Version is '6000.2.10f1 (d3d30d158480) revision 13882125'; Using compiler version '194234433'; Build Type 'Release'
OS: 'Windows 11  (10.0.26200) 64bit Core' Language: 'en' Physical Memory: 32692 MB
[Licensing::IpcConnector] Successfully connected to: "LicenseClient-User" at "2026-04-30T08:24:30.3544471Z"
BatchMode: 1, IsHumanControllingUs: 0, StartBugReporterOnCrash: 0, Is64bit: 1
Date: 2026-04-30T08:24:30Z

COMMAND LINE ARGUMENTS:
C:\Program Files\6000.2.10f1\Editor\Unity.exe
-adb2
-batchMode
-noUpm
-name
AssetImportWorker13
-projectPath
E:/ProceduralDungeon
-logFile
Logs/AssetImportWorker13.log
-srvPort
65522
-licensingIpc
LicenseClient-User
-job-worker-count
11
-background-job-worker-count
8
-gc-helper-count
1
-name
AssetImport
Successfully changed project path to: E:/ProceduralDungeon
E:/ProceduralDungeon
[UnityMemory] Configuration Parameters - Can be set up in boot.config
    "memorysetup-allocator-temp-initial-block-size-main=262144"
    "memorysetup-allocator-temp-initial-block-size-worker=262144"
    "memorysetup-bucket-allocator-granularity=16"
    "memorysetup-bucket-allocator-bucket-count=8"
    "memorysetup-bucket-allocator-block-size=33554432"
    "memorysetup-bucket-allocator-block-count=8"
    "memorysetup-main-allocator-block-size=16777216"
    "memorysetup-thread-allocator-block-size=16777216"
    "memorysetup-gfx-main-allocator-block-size=16777216"
    "memorysetup-gfx-thread-allocator-block-size=16777216"
    "memorysetup-cache-allocator-block-size=4194304"
    "memorysetup-typetree-allocator-block-size=2097152"
    "memorysetup-profiler-bucket-allocator-granularity=16"
    "memorysetup-profiler-bucket-allocator-bucket-count=8"
    "memorysetup-profiler-bucket-allocator-block-size=33554432"
    "memorysetup-profiler-bucket-allocator-block-count=8"
    "memorysetup-profiler-allocator-block-size=16777216"
    "memorysetup-profiler-editor-allocator-block-size=1048576"
    "memorysetup-temp-allocator-size-main=16777216"
    "memorysetup-job-temp-allocator-block-size=2097152"
    "memorysetup-job-temp-allocator-block-size-background=1048576"
    "memorysetup-job-temp-allocator-reduction-small-platforms=262144"
    "memorysetup-temp-allocator-size-background-worker=32768"
    "memorysetup-temp-allocator-size-job-worker=262144"
    "memorysetup-temp-allocator-size-preload-manager=33554432"
    "memorysetup-temp-allocator-size-nav-mesh-worker=65536"
    "memorysetup-temp-allocator-size-audio-worker=65536"
    "memorysetup-temp-allocator-size-cloud-worker=32768"
    "memorysetup-temp-allocator-size-gi-baking-worker=262144"
    "memorysetup-temp-allocator-size-gi-baking-worker=262144"
    "memorysetup-temp-allocator-size-gi-baking-worker=262144"
    "memorysetup-temp-allocator-size-gi-baking-worker=262144"
    "memorysetup-temp-allocator-size-gi-baking-worker=262144"
    "memorysetup-temp-allocator-size-gfx=262144"
Player connection [19624]  Target information:

Player connection [19624]  * "[IP] 192.168.1.184 [Port] 0 [Flags] 2 [Guid] 1115175573 [EditorId] 1115175573 [Version] 1048832 [Id] WindowsEditor(7,DESKTOP-MROA2G9) [Debug] 1 [PackageName] WindowsEditor [ProjectName] Editor" 

Player connection [19624] Host joined multi-casting on [225.0.0.222:54997]...
Player connection [19624] Host joined alternative multi-casting on [225.0.0.222:34997]...
JobSystem: Creating JobQueue using job-worker-count value 11
Input System module state changed to: Initialized.
[Physics::Module] Initialized fallback backend.
[Physics::Module] Id: 0xdecafbad
[Licensing::Client] Code 10 while verifying Licensing Client signature (process Id: 32940, path: "C:/Users/User/Desktop/Unity Hub/UnityLicensingClient_V1/Unity.Licensing.Client.exe")
[Licensing::Module] LicensingClient has failed validation; ignoring
[Licensing::Client] Handshaking with LicensingClient:
  Version:                 1.17.4+4293ba1
  Session Id:              510ede0242c14952ab43fb8d87a89490
  Correlation Id:          81d203aaf5b43afd424cb7c3d250fefc
  External correlation Id: 834883325138202797
  Machine Id:              N26h/t0TNiQkg8J0E+Djhoi8Vvg=
[Licensing::Module] Successfully connected to LicensingClient on channel: "LicenseClient-User" (connect: 0.00s, validation: 0.00s, handshake: 0.05s)
[Licensing::IpcConnector] Successfully connected to: "LicenseClient-User-notifications" at "2026-04-30T08:24:30.4113682Z"
[Licensing::Module] Licensing Background thread has ended after 0.06s
Library Redirect Path: Library/
[Physics::Module] Selected backend.
[Physics::Module] Name: PhysX
[Physics::Module] Id: 0xf2b8ea05
[Physics::Module] SDK Version: 4.1.2
[Physics::Module] Integration Version: 1.0.0
[Physics::Module] Threading Mode: Multi-Threaded
Refreshing native plugins compatible for Editor in 3.53 ms, found 4 plugins.
Preloading 0 native plugins for Editor in 0.00 ms.
Initialize engine version: 6000.2.10f1 (d3d30d158480)
[Subsystems] Discovering subsystems at path C:/Program Files/6000.2.10f1/Editor/Data/Resources/UnitySubsystems
[Subsystems] Discovering subsystems at path E:/ProceduralDungeon/Assets
GfxDevice: creating device client; kGfxThreadingModeNonThreaded
Direct3D:
    Version:  Direct3D 11.0 [level 11.1]
    Renderer: NVIDIA GeForce RTX 3070 (ID=0x2484)
    Vendor:   NVIDIA
    VRAM:     8018 MB
    Driver:   32.0.15.6636
Initialize mono
Mono path[0] = 'C:/Program Files/6000.2.10f1/Editor/Data/Managed'
Mono path[1] = 'C:/Program Files/6000.2.10f1/Editor/Data/MonoBleedingEdge/lib/mono/unityjit-win32'
Mono config path = 'C:/Program Files/6000.2.10f1/Editor/Data/MonoBleedingEdge/etc'
Using monoOptions --debugger-agent=transport=dt_socket,embedding=1,server=y,suspend=n,address=127.0.0.1:56880
Begin MonoManager ReloadAssembly
Registering precompiled unity dll's ...
Register platform support module: C:/Program Files/6000.2.10f1/Editor/Data/PlaybackEngines/WindowsStandaloneSupport/UnityEditor.WindowsStandalone.Extensions.dll
Registered in 0.002562 seconds.
- Loaded All Assemblies, in  0.502 seconds
Native extension for WindowsStandalone target not found
Mono: successfully reloaded assembly
- Finished resetting the current domain, in  0.486 seconds
Domain Reload Profiling: 981ms
	BeginReloadAssembly (168ms)
		ExecutionOrderSort (0ms)
		DisableScriptedObjects (0ms)
		BackupInstance (0ms)
		ReleaseScriptingObjects (0ms)
		CreateAndSetChildDomain (1ms)
	RebuildCommonClasses (49ms)
	RebuildNativeTypeToScriptingClass (15ms)
	initialDomainReloadingComplete (62ms)
	LoadAllAssembliesAndSetupDomain (201ms)
		LoadAssemblies (163ms)
		RebuildTransferFunctionScriptingTraits (0ms)
		AnalyzeDomain (197ms)
			TypeCache.Refresh (195ms)
				TypeCache.ScanAssembly (178ms)
			BuildScriptInfoCaches (0ms)
			ResolveRequiredComponents (1ms)
	FinalizeReload (487ms)
		ReleaseScriptCaches (0ms)
		RebuildScriptCaches (0ms)
		SetupLoadedEditorAssemblies (431ms)
			LogAssemblyErrors (0ms)
			InitializePlatformSupportModulesInManaged (59ms)
			SetLoadedEditorAssemblies (6ms)
			BeforeProcessingInitializeOnLoad (96ms)
			ProcessInitializeOnLoadAttributes (198ms)
			ProcessInitializeOnLoadMethodAttributes (72ms)
			AfterProcessingInitializeOnLoad (0ms)
			EditorAssembliesLoaded (0ms)
		ExecutionOrderSort2 (0ms)
		AwakeInstancesAfterBackupRestoration (0ms)
Assembly reference Packages/com.unity.cinemachine/Editor/Samples/ExposeHDRPInternals/HDRP-Editor-ref.asmref has no target assembly definition
========================================================================
Worker process is ready to serve import requests
Import Worker Mode flag is 0x00
Assembly reference Packages/com.unity.cinemachine/Editor/Samples/ExposeHDRPInternals/HDRP-Editor-ref.asmref has no target assembly definition
Assembly reference Packages/com.unity.cinemachine/Editor/Samples/ExposeHDRPInternals/HDRP-Editor-ref.asmref has no target assembly definition
Begin MonoManager ReloadAssembly
[Licensing::Client] Successfully resolved entitlement details
[Licensing::Module] License group:
  Id: F4-RHZR-CMD6-PD46-HR52-XXXX
  Product: Unity Personal
  Type: ULF
  Expiration: Unlimited
[Licensing::Module] License group:
  Id: 6872308939192-UnityPersXXXX
  Product: Unity Personal
  Type: Assigned
  Expiration: Unlimited
- Loaded All Assemblies, in  1.243 seconds
Assembly reference Packages/com.unity.cinemachine/Editor/Samples/ExposeHDRPInternals/HDRP-Editor-ref.asmref has no target assembly definition
'Packages/com.unity.cinemachine/Editor/Obsolete/CinemachineVirtualCameraBaseEditor.cs' contains partial class of Unity.Object, exactly 1 of the partial classes needs to be in a file with the same filename. This is to know the one that can be referenced from ie. GameObjects
'Packages/com.unity.cinemachine/Editor/Editors/CinemachineVirtualCameraBaseEditor.cs' contains partial class of Unity.Object, exactly 1 of the partial classes needs to be in a file with the same filename. This is to know the one that can be referenced from ie. GameObjects
Refreshing native plugins compatible for Editor in 2.34 ms, found 4 plugins.
Native extension for WindowsStandalone target not found
Assembly reference Packages/com.unity.cinemachine/Editor/Samples/ExposeHDRPInternals/HDRP-Editor-ref.asmref has no target assembly definition
Package Manager log level set to [2]
[Package Manager] Failed to launch server process. Reason: Unity was launched with the -noUpm command-line argument
[Package Manager] Unable to send message (not connected to server process).
[Package Manager] Cannot connect to Unity Package Manager local server
[Package Manager] Failed to launch server process. Reason: Unity was launched with the -noUpm command-line argument
[Package Manager] Unable to send message (not connected to server process).
[Package Manager] Cannot connect to Unity Package Manager local server
Mono: successfully reloaded assembly
- Finished resetting the current domain, in  1.649 seconds
Domain Reload Profiling: 2883ms
	BeginReloadAssembly (241ms)
		ExecutionOrderSort (0ms)
		DisableScriptedObjects (11ms)
		BackupInstance (0ms)
		ReleaseScriptingObjects (0ms)
		CreateAndSetChildDomain (48ms)
	RebuildCommonClasses (45ms)
	RebuildNativeTypeToScriptingClass (14ms)
	initialDomainReloadingComplete (62ms)
	LoadAllAssembliesAndSetupDomain (872ms)
		LoadAssemblies (599ms)
		RebuildTransferFunctionScriptingTraits (0ms)
		AnalyzeDomain (402ms)
			TypeCache.Refresh (307ms)
				TypeCache.ScanAssembly (283ms)
			BuildScriptInfoCaches (72ms)
			ResolveRequiredComponents (17ms)
	FinalizeReload (1650ms)
		ReleaseScriptCaches (0ms)
		RebuildScriptCaches (0ms)
		SetupLoadedEditorAssemblies (1470ms)
			LogAssemblyErrors (0ms)
			InitializePlatformSupportModulesInManaged (2ms)
			SetLoadedEditorAssemblies (7ms)
			BeforeProcessingInitializeOnLoad (197ms)
			ProcessInitializeOnLoadAttributes (1073ms)
			ProcessInitializeOnLoadMethodAttributes (181ms)
			AfterProcessingInitializeOnLoad (10ms)
			EditorAssembliesLoaded (0ms)
		ExecutionOrderSort2 (0ms)
		AwakeInstancesAfterBackupRestoration (8ms)
Launched and connected shader compiler UnityShaderCompiler.exe after 0.02 seconds
Refreshing native plugins compatible for Editor in 3.77 ms, found 4 plugins.
Preloading 0 native plugins for Editor in 0.00 ms.
Unloading 14 Unused Serialized files (Serialized files now loaded: 0)
Unloading 7209 unused Assets / (5.4 MB). Loaded Objects now: 8009.
Memory consumption went from 146.2 MB to 140.8 MB.
Total: 59.608600 ms (FindLiveObjects: 2.741700 ms CreateObjectMapping: 1.141500 ms MarkObjects: 49.752900 ms  DeleteObjects: 5.971000 ms)

========================================================================
Received Import Request.
  Time since last request: 358170.835126 seconds.
  path: Assets/Art/TilePallette/BiomeTiles/Gemini_Generated_Image_62b3pr62b3pr62b3_61.asset
  artifactKey: Guid(054ae7369bd9834418b5d622eee869b2) Importer(2089858483,192608db42251d675da83286b1cce702)
Start importing Assets/Art/TilePallette/BiomeTiles/Gemini_Generated_Image_62b3pr62b3pr62b3_61.asset using Guid(054ae7369bd9834418b5d622eee869b2) Importer(2089858483,192608db42251d675da83286b1cce702) (ScriptedImporter) -> (artifact id: '280e314338c68c70f4c87ad8ee78d853') in 0.2274884 seconds
Number of updated asset objects reloaded before import = 0Number of asset objects unloaded after import = 2

========================================================================
Received Import Request.
  Time since last request: 0.000021 seconds.
  path: Assets/Art/TilePallette/BiomeTiles/Gemini_Generated_Image_62b3pr62b3pr62b3_255.asset
  artifactKey: Guid(d238fc8f319d95c4dae2d6b92d180cfe) Importer(2089858483,192608db42251d675da83286b1cce702)
Start importing Assets/Art/TilePallette/BiomeTiles/Gemini_Generated_Image_62b3pr62b3pr62b3_255.asset using Guid(d238fc8f319d95c4dae2d6b92d180cfe) Importer(2089858483,192608db42251d675da83286b1cce702) (ScriptedImporter) -> (artifact id: '1c1735b0156072af42e1cf04be779a6d') in 0.017739 seconds
Number of updated asset objects reloaded before import = 0Number of asset objects unloaded after import = 2

========================================================================
Received Import Request.
  Time since last request: 0.000028 seconds.
  path: Assets/Art/TilePallette/FloorTiles/TileSheet_124.asset
  artifactKey: Guid(aa87dfc74ceecf54ebb18916fe47457d) Importer(2089858483,192608db42251d675da83286b1cce702)
Start importing Assets/Art/TilePallette/FloorTiles/TileSheet_124.asset using Guid(aa87dfc74ceecf54ebb18916fe47457d) Importer(2089858483,192608db42251d675da83286b1cce702) (ScriptedImporter) -> (artifact id: '0f22ed482170876a89f27a8a0142ba31') in 0.0151173 seconds
Number of updated asset objects reloaded before import = 0Number of asset objects unloaded after import = 2

========================================================================
Received Import Request.
  Time since last request: 0.000017 seconds.
  path: Assets/Art/TilePallette/FloorTiles/TileSheet_27.asset
  artifactKey: Guid(6802c29d0747ff24cbdbb61ce47b69e9) Importer(2089858483,192608db42251d675da83286b1cce702)
Start importing Assets/Art/TilePallette/FloorTiles/TileSheet_27.asset using Guid(6802c29d0747ff24cbdbb61ce47b69e9) Importer(2089858483,192608db42251d675da83286b1cce702) (ScriptedImporter) -> (artifact id: '2c6e35aeac621697f57c594e943e9210') in 0.0164866 seconds
Number of updated asset objects reloaded before import = 0Number of asset objects unloaded after import = 2

========================================================================
Received Import Request.
  Time since last request: 0.000019 seconds.
  path: Assets/Art/TilePallette/FloorTiles/TileSheet_31.asset
  artifactKey: Guid(3addcda5cd9c12f4685989a36416fa7a) Importer(2089858483,192608db42251d675da83286b1cce702)
Start importing Assets/Art/TilePallette/FloorTiles/TileSheet_31.asset using Guid(3addcda5cd9c12f4685989a36416fa7a) Importer(2089858483,192608db42251d675da83286b1cce702) (ScriptedImporter) -> (artifact id: 'f975ee3c89104a220b9540624d954d58') in 0.0146305 seconds
Number of updated asset objects reloaded before import = 0Number of asset objects unloaded after import = 2

========================================================================
Received Import Request.
  Time since last request: 0.000019 seconds.
  path: Assets/Art/TilePallette/FloorTiles/TileSheet_36.asset
  artifactKey: Guid(2abe73569e31afc4ebb17dc739a73780) Importer(2089858483,192608db42251d675da83286b1cce702)
Start importing Assets/Art/TilePallette/FloorTiles/TileSheet_36.asset using Guid(2abe73569e31afc4ebb17dc739a73780) Importer(2089858483,192608db42251d675da83286b1cce702) (ScriptedImporter) -> (artifact id: '77b2271ad105dc59c538397c75c10b78') in 0.0145451 seconds
Number of updated asset objects reloaded before import = 0Number of asset objects unloaded after import = 2

========================================================================
Received Import Request.
  Time since last request: 0.000018 seconds.
  path: Assets/Art/TilePallette/BiomeTiles/Gemini_Generated_Image_62b3pr62b3pr62b3_75.asset
  artifactKey: Guid(cbc341d15d15a3842ac75c79ebd3b9bd) Importer(2089858483,192608db42251d675da83286b1cce702)
Start importing Assets/Art/TilePallette/BiomeTiles/Gemini_Generated_Image_62b3pr62b3pr62b3_75.asset using Guid(cbc341d15d15a3842ac75c79ebd3b9bd) Importer(2089858483,192608db42251d675da83286b1cce702) (ScriptedImporter) -> (artifact id: 'fb730f53d03e3e7207d36cbfc01f95f8') in 0.0162718 seconds
Number of updated asset objects reloaded before import = 0Number of asset objects unloaded after import = 2

========================================================================
Received Import Request.
  Time since last request: 0.000029 seconds.
  path: Assets/Art/TilePallette/BiomeTiles/Gemini_Generated_Image_62b3pr62b3pr62b3_211.asset
  artifactKey: Guid(168bee36d80a988459f7df00b6e127e7) Importer(2089858483,192608db42251d675da83286b1cce702)
Start importing Assets/Art/TilePallette/BiomeTiles/Gemini_Generated_Image_62b3pr62b3pr62b3_211.asset using Guid(168bee36d80a988459f7df00b6e127e7) Importer(2089858483,192608db42251d675da83286b1cce702) (ScriptedImporter) -> (artifact id: 'e12d0f4120d22dd8a41f01050f6f995c') in 0.0134371 seconds
Number of updated asset objects reloaded before import = 0Number of asset objects unloaded after import = 2

========================================================================
Received Import Request.
  Time since last request: 0.000021 seconds.
  path: Assets/Art/TilePallette/BiomeTiles/Gemini_Generated_Image_62b3pr62b3pr62b3_38.asset
  artifactKey: Guid(2b0cd2ff139e5914b8a5028090eb8e0f) Importer(2089858483,192608db42251d675da83286b1cce702)
Start importing Assets/Art/TilePallette/BiomeTiles/Gemini_Generated_Image_62b3pr62b3pr62b3_38.asset using Guid(2b0cd2ff139e5914b8a5028090eb8e0f) Importer(2089858483,192608db42251d675da83286b1cce702) (ScriptedImporter) -> (artifact id: 'e02e24ff3228d8c7f5adf319a2a9190f') in 0.0141754 seconds
Number of updated asset objects reloaded before import = 0Number of asset objects unloaded after import = 2

========================================================================
Received Import Request.
  Time since last request: 0.000018 seconds.
  path: Assets/Art/TilePallette/FloorTiles/TileSheet_20.asset
  artifactKey: Guid(744e3eb150445df46873d6482c97b1cb) Importer(2089858483,192608db42251d675da83286b1cce702)
Start importing Assets/Art/TilePallette/FloorTiles/TileSheet_20.asset using Guid(744e3eb150445df46873d6482c97b1cb) Importer(2089858483,192608db42251d675da83286b1cce702) (ScriptedImporter) -> (artifact id: '4378bc9fb52cc323a90ee8e0c366a178') in 0.0163545 seconds
Number of updated asset objects reloaded before import = 0Number of asset objects unloaded after import = 2

========================================================================
Received Import Request.
  Time since last request: 0.000023 seconds.
  path: Assets/Art/TilePallette/FloorTiles/TileSheet_0.asset
  artifactKey: Guid(fca97d55e96cd7e40b7be41397beda3b) Importer(2089858483,192608db42251d675da83286b1cce702)
Start importing Assets/Art/TilePallette/FloorTiles/TileSheet_0.asset using Guid(fca97d55e96cd7e40b7be41397beda3b) Importer(2089858483,192608db42251d675da83286b1cce702) (ScriptedImporter) -> (artifact id: 'a88525460452911f5e5aa7a797e04353') in 0.014659 seconds
Number of updated asset objects reloaded before import = 0Number of asset objects unloaded after import = 2

========================================================================
Received Import Request.
  Time since last request: 0.000040 seconds.
  path: Assets/Art/TilePallette/FloorTiles/TileSheet_4.asset
  artifactKey: Guid(0a5ef43a0b1c3134cbdb657f3247cbb6) Importer(2089858483,192608db42251d675da83286b1cce702)
Start importing Assets/Art/TilePallette/FloorTiles/TileSheet_4.asset using Guid(0a5ef43a0b1c3134cbdb657f3247cbb6) Importer(2089858483,192608db42251d675da83286b1cce702) (ScriptedImporter) -> (artifact id: '1600747a3bc07209a112fb3871e9c839') in 0.0159851 seconds
Number of updated asset objects reloaded before import = 0Number of asset objects unloaded after import = 2

========================================================================
Received Import Request.
  Time since last request: 0.000022 seconds.
  path: Assets/Art/TilePallette/FloorTiles/TileSheet_6.asset
  artifactKey: Guid(35e174e877b689e4a895dfe998d3cda9) Importer(2089858483,192608db42251d675da83286b1cce702)
Start importing Assets/Art/TilePallette/FloorTiles/TileSheet_6.asset using Guid(35e174e877b689e4a895dfe998d3cda9) Importer(2089858483,192608db42251d675da83286b1cce702) (ScriptedImporter) -> (artifact id: '259e00d110494e351015a001e60cd5f4') in 0.0140045 seconds
Number of updated asset objects reloaded before import = 0Number of asset objects unloaded after import = 2

========================================================================
Received Import Request.
  Time since last request: 0.000019 seconds.
  path: Assets/Art/TilePallette/FloorTiles/TileSheet_78.asset
  artifactKey: Guid(3db3e736972078044a2fa7471a2a1497) Importer(2089858483,192608db42251d675da83286b1cce702)
Start importing Assets/Art/TilePallette/FloorTiles/TileSheet_78.asset using Guid(3db3e736972078044a2fa7471a2a1497) Importer(2089858483,192608db42251d675da83286b1cce702) (ScriptedImporter) -> (artifact id: '7bd57d2f1ad9e7eb5b7e5d8fb7937f6f') in 0.0147433 seconds
Number of updated asset objects reloaded before import = 0Number of asset objects unloaded after import = 2

========================================================================
Received Import Request.
  Time since last request: 0.000025 seconds.
  path: Assets/Art/TilePallette/FloorTiles/TileSheet_74.asset
  artifactKey: Guid(e656a807700e94e4ab3ad8d17dc32707) Importer(2089858483,192608db42251d675da83286b1cce702)
Start importing Assets/Art/TilePallette/FloorTiles/TileSheet_74.asset using Guid(e656a807700e94e4ab3ad8d17dc32707) Importer(2089858483,192608db42251d675da83286b1cce702) (ScriptedImporter) -> (artifact id: 'fbae6778919b7c94b9ba45b0a29ef040') in 0.0134802 seconds
Number of updated asset objects reloaded before import = 0Number of asset objects unloaded after import = 2

========================================================================
Received Import Request.
  Time since last request: 0.000031 seconds.
  path: Assets/Art/TilePallette/FloorTiles/TileSheet_79.asset
  artifactKey: Guid(9b43b7f5fe4d29f4484bd0e1d1f4ab3c) Importer(2089858483,192608db42251d675da83286b1cce702)
Start importing Assets/Art/TilePallette/FloorTiles/TileSheet_79.asset using Guid(9b43b7f5fe4d29f4484bd0e1d1f4ab3c) Importer(2089858483,192608db42251d675da83286b1cce702) (ScriptedImporter) -> (artifact id: 'd5c8ded42174293c5aaf933cdefb4dbb') in 0.0169736 seconds
Number of updated asset objects reloaded before import = 0Number of asset objects unloaded after import = 2

========================================================================
Received Import Request.
  Time since last request: 0.000022 seconds.
  path: Assets/Art/TilePallette/BiomeTiles/Gemini_Generated_Image_62b3pr62b3pr62b3_129.asset
  artifactKey: Guid(a306be0ec6f382841a2e05a0f87502e6) Importer(2089858483,192608db42251d675da83286b1cce702)
Start importing Assets/Art/TilePallette/BiomeTiles/Gemini_Generated_Image_62b3pr62b3pr62b3_129.asset using Guid(a306be0ec6f382841a2e05a0f87502e6) Importer(2089858483,192608db42251d675da83286b1cce702) (ScriptedImporter) -> (artifact id: '15632df85ce73b96b7afb2b695cb344d') in 0.0150972 seconds
Number of updated asset objects reloaded before import = 0Number of asset objects unloaded after import = 2

========================================================================
Received Import Request.
  Time since last request: 0.000018 seconds.
  path: Assets/Art/TilePallette/FloorTiles/TileSheet_58.asset
  artifactKey: Guid(25e8af6c86268e9418c23649473fbef9) Importer(2089858483,192608db42251d675da83286b1cce702)
Start importing Assets/Art/TilePallette/FloorTiles/TileSheet_58.asset using Guid(25e8af6c86268e9418c23649473fbef9) Importer(2089858483,192608db42251d675da83286b1cce702) (ScriptedImporter) -> (artifact id: '79bc6dfaa2a405600f4b459c0826243e') in 0.014656 seconds
Number of updated asset objects reloaded before import = 0Number of asset objects unloaded after import = 2

========================================================================
Received Import Request.
  Time since last request: 0.000021 seconds.
  path: Assets/Art/TilePallette/Walls/wallup_0.asset
  artifactKey: Guid(1294ace533848b84d995baa1e3bad0d2) Importer(2089858483,192608db42251d675da83286b1cce702)
Start importing Assets/Art/TilePallette/Walls/wallup_0.asset using Guid(1294ace533848b84d995baa1e3bad0d2) Importer(2089858483,192608db42251d675da83286b1cce702) (ScriptedImporter) -> (artifact id: '4658c7e418941885a3a463a7099e5aca') in 0.0163004 seconds
Number of updated asset objects reloaded before import = 0Number of asset objects unloaded after import = 2

========================================================================
Received Import Request.
  Time since last request: 0.000024 seconds.
  path: Assets/Art/TilePallette/FloorTiles/TileSheet_88.asset
  artifactKey: Guid(9604b39681bd73e4bbc4030deee3157d) Importer(2089858483,192608db42251d675da83286b1cce702)
Start importing Assets/Art/TilePallette/FloorTiles/TileSheet_88.asset using Guid(9604b39681bd73e4bbc4030deee3157d) Importer(2089858483,192608db42251d675da83286b1cce702) (ScriptedImporter) -> (artifact id: 'ce1abbcf3cbda25562cd573a7bff10bf') in 0.0148486 seconds
Number of updated asset objects reloaded before import = 0Number of asset objects unloaded after import = 2

========================================================================
Received Import Request.
  Time since last request: 0.000031 seconds.
  path: Assets/Art/TilePallette/FloorTiles/TileSheet_85.asset
  artifactKey: Guid(f4524fae0f94d2141b6fb8dd6405dae3) Importer(2089858483,192608db42251d675da83286b1cce702)
Start importing Assets/Art/TilePallette/FloorTiles/TileSheet_85.asset using Guid(f4524fae0f94d2141b6fb8dd6405dae3) Importer(2089858483,192608db42251d675da83286b1cce702) (ScriptedImporter) -> (artifact id: '49c309931bf1183ccc488f71e101e2d9') in 0.0133089 seconds
Number of updated asset objects reloaded before import = 0Number of asset objects unloaded after import = 2

========================================================================
Received Import Request.
  Time since last request: 0.000017 seconds.
  path: Assets/Art/TilePallette/FloorTiles/TileSheet_90.asset
  artifactKey: Guid(58d3c44cd3fb44046ac3636b8aea06f7) Importer(2089858483,192608db42251d675da83286b1cce702)
Start importing Assets/Art/TilePallette/FloorTiles/TileSheet_90.asset using Guid(58d3c44cd3fb44046ac3636b8aea06f7) Importer(2089858483,192608db42251d675da83286b1cce702) (ScriptedImporter) -> (artifact id: '72f5b5175ea6991332c9c09672118b9b') in 0.0142097 seconds
Number of updated asset objects reloaded before import = 0Number of asset objects unloaded after import = 2

========================================================================
Received Import Request.
  Time since last request: 0.000017 seconds.
  path: Assets/Art/TilePallette/Walls/TileSheet_56.asset
  artifactKey: Guid(44e3bac178f3c764d92fc9dcde7e1f7a) Importer(2089858483,192608db42251d675da83286b1cce702)
Start importing Assets/Art/TilePallette/Walls/TileSheet_56.asset using Guid(44e3bac178f3c764d92fc9dcde7e1f7a) Importer(2089858483,192608db42251d675da83286b1cce702) (ScriptedImporter) -> (artifact id: 'e46bc00d5b2ffd33cc79cbc804044f8f') in 0.0156656 seconds
Number of updated asset objects reloaded before import = 0Number of asset objects unloaded after import = 2

========================================================================
Received Import Request.
  Time since last request: 0.000019 seconds.
  path: Assets/Art/TilePallette/RoomDecor/Gemini_Generated_Image_jwyn2kjwyn2kjwyn.png
  artifactKey: Guid(2449c461f043b63428f6e2f4dbb15c5d) Importer(2089858483,192608db42251d675da83286b1cce702)
Start importing Assets/Art/TilePallette/RoomDecor/Gemini_Generated_Image_jwyn2kjwyn2kjwyn.png using Guid(2449c461f043b63428f6e2f4dbb15c5d) Importer(2089858483,192608db42251d675da83286b1cce702) (ScriptedImporter) -> (artifact id: 'ca175fdf4af007069d8c09df66c0cedb') in 0.3394338 seconds
Number of updated asset objects reloaded before import = 0Number of asset objects unloaded after import = 194

========================================================================
Received Import Request.
  Time since last request: 0.000023 seconds.
  path: Assets/Art/TilePallette/RoomDecor/Prefabs/ChestOpen.prefab
  artifactKey: Guid(26ec0a370127a3849901dd0bf57af32e) Importer(2089858483,192608db42251d675da83286b1cce702)
Start importing Assets/Art/TilePallette/RoomDecor/Prefabs/ChestOpen.prefab using Guid(26ec0a370127a3849901dd0bf57af32e) Importer(2089858483,192608db42251d675da83286b1cce702) (ScriptedImporter) -> (artifact id: '12b2c3e9a13e93d3a859add598766ecc') in 0.0565353 seconds
Number of updated asset objects reloaded before import = 0Number of asset objects unloaded after import = 8

========================================================================
Received Import Request.
  Time since last request: 0.000034 seconds.
  path: Assets/Art/TilePallette/RoomDecor/Prefabs/Armoury3.prefab
  artifactKey: Guid(181480f0c41798f4eb91f8ab32991dcf) Importer(2089858483,192608db42251d675da83286b1cce702)
Start importing Assets/Art/TilePallette/RoomDecor/Prefabs/Armoury3.prefab using Guid(181480f0c41798f4eb91f8ab32991dcf) Importer(2089858483,192608db42251d675da83286b1cce702) (ScriptedImporter) -> (artifact id: '2a579fcd740b6fa5e8e1eb7e14e907bb') in 0.0188309 seconds
Number of updated asset objects reloaded before import = 0Number of asset objects unloaded after import = 8

========================================================================
Received Import Request.
  Time since last request: 0.000022 seconds.
  path: Assets/Plugins/Sirenix/Assemblies/Sirenix.Reflection.Editor.dll
  artifactKey: Guid(61824742f78323c439d83403f8272d41) Importer(2089858483,192608db42251d675da83286b1cce702)
Start importing Assets/Plugins/Sirenix/Assemblies/Sirenix.Reflection.Editor.dll using Guid(61824742f78323c439d83403f8272d41) Importer(2089858483,192608db42251d675da83286b1cce702) (ScriptedImporter) -> (artifact id: 'c06d2768ec24dd91a91a2747918aa5cb') in 0.0151644 seconds
Number of updated asset objects reloaded before import = 0Number of asset objects unloaded after import = 0

========================================================================
Received Import Request.
  Time since last request: 0.000024 seconds.
  path: Assets/Art/TilePallette/BiomeTiles/Gemini_Generated_Image_62b3pr62b3pr62b3_242.asset
  artifactKey: Guid(eb1c2f318ce1c974d8b7950dae3be2f1) Importer(2089858483,192608db42251d675da83286b1cce702)
Start importing Assets/Art/TilePallette/BiomeTiles/Gemini_Generated_Image_62b3pr62b3pr62b3_242.asset using Guid(eb1c2f318ce1c974d8b7950dae3be2f1) Importer(2089858483,192608db42251d675da83286b1cce702) (ScriptedImporter) -> (artifact id: 'aa4f73143d3ef138da945334a3416770') in 0.0153432 seconds
Number of updated asset objects reloaded before import = 0Number of asset objects unloaded after import = 2

========================================================================
Received Import Request.
  Time since last request: 0.000028 seconds.
  path: Assets/Plugins/Sirenix/Demos/Sample - RPG Editor/Icons/upg_armor.png
  artifactKey: Guid(8b611ba38c320ed4eaf755fad728e29a) Importer(2089858483,192608db42251d675da83286b1cce702)
Start importing Assets/Plugins/Sirenix/Demos/Sample - RPG Editor/Icons/upg_armor.png using Guid(8b611ba38c320ed4eaf755fad728e29a) Importer(2089858483,192608db42251d675da83286b1cce702) (ScriptedImporter) -> (artifact id: '574b40e8d7249e7232ece5964a2efdde') in 0.0227389 seconds
Number of updated asset objects reloaded before import = 0Number of asset objects unloaded after import = 3

========================================================================
Received Import Request.
  Time since last request: 0.000036 seconds.
  path: Assets/Plugins/Sirenix/Odin Inspector/Modules/Unity.Localization.data
  artifactKey: Guid(5a1693d73a4f6e34d955789129c71e11) Importer(2089858483,192608db42251d675da83286b1cce702)
Start importing Assets/Plugins/Sirenix/Odin Inspector/Modules/Unity.Localization.data using Guid(5a1693d73a4f6e34d955789129c71e11) Importer(2089858483,192608db42251d675da83286b1cce702) (ScriptedImporter) -> (artifact id: '840a7fcc3539e7df39a327ca84ace42a') in 0.0127313 seconds
Number of updated asset objects reloaded before import = 0Number of asset objects unloaded after import = 1

========================================================================
Received Import Request.
  Time since last request: 0.000020 seconds.
  path: Assets/Plugins/Sirenix/Demos/Sample - RPG Editor/Icons/upg_hammer.png
  artifactKey: Guid(4f27d4cd48bb668429b1cfedebaf1d0a) Importer(2089858483,192608db42251d675da83286b1cce702)
Start importing Assets/Plugins/Sirenix/Demos/Sample - RPG Editor/Icons/upg_hammer.png using Guid(4f27d4cd48bb668429b1cfedebaf1d0a) Importer(2089858483,192608db42251d675da83286b1cce702) (ScriptedImporter) -> (artifact id: '8f8313458f84828005f78e1d40da1605') in 0.0225874 seconds
Number of updated asset objects reloaded before import = 0Number of asset objects unloaded after import = 3

========================================================================
Received Import Request.
  Time since last request: 0.000025 seconds.
  path: Assets/Art/TilePallette/RoomDecor/Prefabs/Trap.prefab
  artifactKey: Guid(35435323cbe9e4f4596b90d6f7060802) Importer(2089858483,192608db42251d675da83286b1cce702)
Start importing Assets/Art/TilePallette/RoomDecor/Prefabs/Trap.prefab using Guid(35435323cbe9e4f4596b90d6f7060802) Importer(2089858483,192608db42251d675da83286b1cce702) (ScriptedImporter) -> (artifact id: 'ab7d9341ebdbf7d8e62b034e3319fe7a') in 0.0229908 seconds
Number of updated asset objects reloaded before import = 0Number of asset objects unloaded after import = 8

========================================================================
Received Import Request.
  Time since last request: 0.000027 seconds.
  path: Assets/Plugins/Sirenix/Demos/Sample - RPG Editor/Icons/definitely_a_spear.png
  artifactKey: Guid(210552b9dac18be4597de021f79ee70b) Importer(2089858483,192608db42251d675da83286b1cce702)
Start importing Assets/Plugins/Sirenix/Demos/Sample - RPG Editor/Icons/definitely_a_spear.png using Guid(210552b9dac18be4597de021f79ee70b) Importer(2089858483,192608db42251d675da83286b1cce702) (ScriptedImporter) -> (artifact id: 'e83f2aba9ee3ae5ee2551d1512c3af7b') in 0.0196652 seconds
Number of updated asset objects reloaded before import = 0Number of asset objects unloaded after import = 3

========================================================================
Received Import Request.
  Time since last request: 0.000031 seconds.
  path: Assets/Art/TilePallette/FloorTiles/TileSheet_61.asset
  artifactKey: Guid(1bfcef12a2e37304586581dfbe215bc3) Importer(2089858483,192608db42251d675da83286b1cce702)
Start importing Assets/Art/TilePallette/FloorTiles/TileSheet_61.asset using Guid(1bfcef12a2e37304586581dfbe215bc3) Importer(2089858483,192608db42251d675da83286b1cce702) (ScriptedImporter) -> (artifact id: '4b0233adcaa9088eadac9e70d9880610') in 0.0134955 seconds
Number of updated asset objects reloaded before import = 0Number of asset objects unloaded after import = 2

========================================================================
Received Import Request.
  Time since last request: 0.000018 seconds.
  path: Assets/Art/TilePallette/BiomeTiles/Gemini_Generated_Image_62b3pr62b3pr62b3_234.asset
  artifactKey: Guid(140d13955cdca8f4587cdc96ff0012f2) Importer(2089858483,192608db42251d675da83286b1cce702)
Start importing Assets/Art/TilePallette/BiomeTiles/Gemini_Generated_Image_62b3pr62b3pr62b3_234.asset using Guid(140d13955cdca8f4587cdc96ff0012f2) Importer(2089858483,192608db42251d675da83286b1cce702) (ScriptedImporter) -> (artifact id: 'ce0fa071d03568403ad4c57a24382e79') in 0.2037603 seconds
Number of updated asset objects reloaded before import = 0Number of asset objects unloaded after import = 2

========================================================================
Received Import Request.
  Time since last request: 0.000022 seconds.
  path: Assets/Plugins/Sirenix/Odin Inspector/Assets/Editor/SdfIconAtlas.png
  artifactKey: Guid(2a0112a98875dfd488b5d10bdb8a4903) Importer(2089858483,192608db42251d675da83286b1cce702)
Start importing Assets/Plugins/Sirenix/Odin Inspector/Assets/Editor/SdfIconAtlas.png using Guid(2a0112a98875dfd488b5d10bdb8a4903) Importer(2089858483,192608db42251d675da83286b1cce702) (ScriptedImporter) -> (artifact id: '583b670074f941f7e0ef9ecdd7c9f461') in 0.0308286 seconds
Number of updated asset objects reloaded before import = 0Number of asset objects unloaded after import = 1

========================================================================
Received Import Request.
  Time since last request: 0.000032 seconds.
  path: Assets/Plugins/Sirenix/Demos/Sample - RPG Editor/Items/Consumables/Mead.asset
  artifactKey: Guid(3915d4dc6b1333c44b6b7cc22cf48c05) Importer(2089858483,192608db42251d675da83286b1cce702)
Start importing Assets/Plugins/Sirenix/Demos/Sample - RPG Editor/Items/Consumables/Mead.asset using Guid(3915d4dc6b1333c44b6b7cc22cf48c05) Importer(2089858483,192608db42251d675da83286b1cce702) (ScriptedImporter) -> (artifact id: 'b27ca04d65afcf221a233077c835aaf1') in 0.0169317 seconds
Number of updated asset objects reloaded before import = 0Number of asset objects unloaded after import = 2

========================================================================
Received Import Request.
  Time since last request: 0.000021 seconds.
  path: Assets/Plugins/Sirenix/Demos/Editor Windows/Scripts/Editor/BasicOdinEditorExampleWindow.cs
  artifactKey: Guid(9a1e435d912810b4890a5ca4682f0e0f) Importer(2089858483,192608db42251d675da83286b1cce702)
Start importing Assets/Plugins/Sirenix/Demos/Editor Windows/Scripts/Editor/BasicOdinEditorExampleWindow.cs using Guid(9a1e435d912810b4890a5ca4682f0e0f) Importer(2089858483,192608db42251d675da83286b1cce702) (ScriptedImporter) -> (artifact id: '1d543d38db6c7c1645f990a4dd10bdfd') in 0.0155738 seconds
Number of updated asset objects reloaded before import = 0Number of asset objects unloaded after import = 0

========================================================================
Received Import Request.
  Time since last request: 0.000017 seconds.
  path: Assets/Plugins/Sirenix/Odin Inspector/Modules/Unity.Mathematics/MathematicsDrawers.cs
  artifactKey: Guid(74718b273a32d874a9dc3c58269c36b3) Importer(2089858483,192608db42251d675da83286b1cce702)
Start importing Assets/Plugins/Sirenix/Odin Inspector/Modules/Unity.Mathematics/MathematicsDrawers.cs using Guid(74718b273a32d874a9dc3c58269c36b3) Importer(2089858483,192608db42251d675da83286b1cce702) (ScriptedImporter) -> (artifact id: 'c7c7c8a33e354dae6c9cece7ec7adfd2') in 0.0116508 seconds
Number of updated asset objects reloaded before import = 0Number of asset objects unloaded after import = 0

========================================================================
Received Import Request.
  Time since last request: 0.000019 seconds.
  path: Assets/Plugins/Sirenix/Demos/Editor Windows/Scripts/Editor/OdinMenuEditorWindowExample.cs
  artifactKey: Guid(66093819dfa2a0e49a76dae21d7c8a4c) Importer(2089858483,192608db42251d675da83286b1cce702)
Start importing Assets/Plugins/Sirenix/Demos/Editor Windows/Scripts/Editor/OdinMenuEditorWindowExample.cs using Guid(66093819dfa2a0e49a76dae21d7c8a4c) Importer(2089858483,192608db42251d675da83286b1cce702) (ScriptedImporter) -> (artifact id: '293a0aa531435c8d82249201d4791028') in 0.0124384 seconds
Number of updated asset objects reloaded before import = 0Number of asset objects unloaded after import = 0

========================================================================
Received Import Request.
  Time since last request: 0.000018 seconds.
  path: Assets/Plugins/Sirenix/Demos/Sample - RPG Editor/Scripts/Misc/StatValue.cs
  artifactKey: Guid(324c26edfd743da42a79b145ce7dbc91) Importer(2089858483,192608db42251d675da83286b1cce702)
Start importing Assets/Plugins/Sirenix/Demos/Sample - RPG Editor/Scripts/Misc/StatValue.cs using Guid(324c26edfd743da42a79b145ce7dbc91) Importer(2089858483,192608db42251d675da83286b1cce702) (ScriptedImporter) -> (artifact id: 'c0af40b4d123ef3503f5fdd9c24031d9') in 0.0163215 seconds
Number of updated asset objects reloaded before import = 0Number of asset objects unloaded after import = 0

========================================================================
Received Import Request.
  Time since last request: 0.000032 seconds.
  path: Assets/Plugins/Sirenix/Demos/Sample - RPG Editor/Scripts/Misc/StatType.cs
  artifactKey: Guid(3fe096b9576b8194ab142272275e17d7) Importer(2089858483,192608db42251d675da83286b1cce702)
Start importing Assets/Plugins/Sirenix/Demos/Sample - RPG Editor/Scripts/Misc/StatType.cs using Guid(3fe096b9576b8194ab142272275e17d7) Importer(2089858483,192608db42251d675da83286b1cce702) (ScriptedImporter) -> (artifact id: '3f6b9abce4a314dc16e9c4fa6d32c3bf') in 0.0123686 seconds
Number of updated asset objects reloaded before import = 0Number of asset objects unloaded after import = 0

========================================================================
Received Import Request.
  Time since last request: 0.000018 seconds.
  path: Assets/Plugins/Sirenix/Demos/Sample - RPG Editor/Items/Weapons/Weaponized Mead.asset
  artifactKey: Guid(6ab32b89bfa24794cbad9dc3ace0c02b) Importer(2089858483,192608db42251d675da83286b1cce702)
Start importing Assets/Plugins/Sirenix/Demos/Sample - RPG Editor/Items/Weapons/Weaponized Mead.asset using Guid(6ab32b89bfa24794cbad9dc3ace0c02b) Importer(2089858483,192608db42251d675da83286b1cce702) (ScriptedImporter) -> (artifact id: '06e6cfd045d02fa128007df0ee3b8e8d') in 0.0159806 seconds
Number of updated asset objects reloaded before import = 0Number of asset objects unloaded after import = 2

========================================================================
Received Import Request.
  Time since last request: 0.000022 seconds.
  path: Assets/Plugins/Sirenix/Demos/Sample - RPG Editor/Scripts/Editor/ScriptableObjectCreator.cs
  artifactKey: Guid(e18f3bae116357844988fcbe42ec1edd) Importer(2089858483,192608db42251d675da83286b1cce702)
Start importing Assets/Plugins/Sirenix/Demos/Sample - RPG Editor/Scripts/Editor/ScriptableObjectCreator.cs using Guid(e18f3bae116357844988fcbe42ec1edd) Importer(2089858483,192608db42251d675da83286b1cce702) (ScriptedImporter) -> (artifact id: 'ec25ea578dca457bc584b522219d619b') in 0.0125305 seconds
Number of updated asset objects reloaded before import = 0Number of asset objects unloaded after import = 0

========================================================================
Received Import Request.
  Time since last request: 0.000017 seconds.
  path: Assets/Art/TilePallette/FloorTiles/TileSheet_55.asset
  artifactKey: Guid(9203c48acf6235444bb01d70c67b3070) Importer(2089858483,192608db42251d675da83286b1cce702)
Start importing Assets/Art/TilePallette/FloorTiles/TileSheet_55.asset using Guid(9203c48acf6235444bb01d70c67b3070) Importer(2089858483,192608db42251d675da83286b1cce702) (ScriptedImporter) -> (artifact id: '044340f81212d815e62b5e3000b69b18') in 0.0168223 seconds
Number of updated asset objects reloaded before import = 0Number of asset objects unloaded after import = 2

========================================================================
Received Import Request.
  Time since last request: 0.000020 seconds.
  path: Assets/Art/TilePallette/BiomeTiles/Gemini_Generated_Image_62b3pr62b3pr62b3_114.asset
  artifactKey: Guid(4837d1ea3f66ab841ad21513b87fe5e2) Importer(2089858483,192608db42251d675da83286b1cce702)
Start importing Assets/Art/TilePallette/BiomeTiles/Gemini_Generated_Image_62b3pr62b3pr62b3_114.asset using Guid(4837d1ea3f66ab841ad21513b87fe5e2) Importer(2089858483,192608db42251d675da83286b1cce702) (ScriptedImporter) -> (artifact id: '99497cac95caf1f21be88f33a2dd1f15') in 0.0157505 seconds
Number of updated asset objects reloaded before import = 0Number of asset objects unloaded after import = 2

========================================================================
Received Import Request.
  Time since last request: 0.000033 seconds.
  path: Assets/Art/TilePallette/BiomeTiles/Gemini_Generated_Image_62b3pr62b3pr62b3_185.asset
  artifactKey: Guid(71bf7a5fadd4a28449eca35ec7f822e0) Importer(2089858483,192608db42251d675da83286b1cce702)
Start importing Assets/Art/TilePallette/BiomeTiles/Gemini_Generated_Image_62b3pr62b3pr62b3_185.asset using Guid(71bf7a5fadd4a28449eca35ec7f822e0) Importer(2089858483,192608db42251d675da83286b1cce702) (ScriptedImporter) -> (artifact id: 'c3b0ce22765118a3e4dbd10a820fbd14') in 0.0142282 seconds
Number of updated asset objects reloaded before import = 0Number of asset objects unloaded after import = 2

========================================================================
Received Import Request.
  Time since last request: 0.000019 seconds.
  path: Assets/Art/TilePallette/FloorTiles/TileSheet_18.asset
  artifactKey: Guid(b638b26e54cedbf46b9e6dee3666ca0f) Importer(2089858483,192608db42251d675da83286b1cce702)
Start importing Assets/Art/TilePallette/FloorTiles/TileSheet_18.asset using Guid(b638b26e54cedbf46b9e6dee3666ca0f) Importer(2089858483,192608db42251d675da83286b1cce702) (ScriptedImporter) -> (artifact id: '513f707be401d38e377a5624b8994013') in 0.0143903 seconds
Number of updated asset objects reloaded before import = 0Number of asset objects unloaded after import = 2

========================================================================
Received Import Request.
  Time since last request: 0.000019 seconds.
  path: Assets/Art/TilePallette/BiomeTiles/Gemini_Generated_Image_62b3pr62b3pr62b3_244.asset
  artifactKey: Guid(e2423bc365bf1af4fa58abca71a3bbea) Importer(2089858483,192608db42251d675da83286b1cce702)
Start importing Assets/Art/TilePallette/BiomeTiles/Gemini_Generated_Image_62b3pr62b3pr62b3_244.asset using Guid(e2423bc365bf1af4fa58abca71a3bbea) Importer(2089858483,192608db42251d675da83286b1cce702) (ScriptedImporter) -> (artifact id: '7558b516a899ddb4aa8fb51cac208989') in 0.01352 seconds
Number of updated asset objects reloaded before import = 0Number of asset objects unloaded after import = 2

========================================================================
Received Import Request.
  Time since last request: 0.000021 seconds.
  path: Assets/Art/TilePallette/BiomeTiles/Gemini_Generated_Image_62b3pr62b3pr62b3_35.asset
  artifactKey: Guid(33d2bcd801d68f64b8f88da27651eccc) Importer(2089858483,192608db42251d675da83286b1cce702)
Start importing Assets/Art/TilePallette/BiomeTiles/Gemini_Generated_Image_62b3pr62b3pr62b3_35.asset using Guid(33d2bcd801d68f64b8f88da27651eccc) Importer(2089858483,192608db42251d675da83286b1cce702) (ScriptedImporter) -> (artifact id: '08d1894103646c4fce8bfd7e5db79d28') in 0.0145109 seconds
Number of updated asset objects reloaded before import = 0Number of asset objects unloaded after import = 2

========================================================================
Received Import Request.
  Time since last request: 0.000019 seconds.
  path: Assets/Art/TilePallette/TileSheet_83.asset
  artifactKey: Guid(5e8e48b0b92a87d499321841c670b4bf) Importer(2089858483,192608db42251d675da83286b1cce702)
Start importing Assets/Art/TilePallette/TileSheet_83.asset using Guid(5e8e48b0b92a87d499321841c670b4bf) Importer(2089858483,192608db42251d675da83286b1cce702) (ScriptedImporter) -> (artifact id: '307df13cf9cf65e0e5f472c3336ba9e8') in 0.0145868 seconds
Number of updated asset objects reloaded before import = 0Number of asset objects unloaded after import = 2

========================================================================
Received Import Request.
  Time since last request: 0.000031 seconds.
  path: Assets/Art/TilePallette/BiomeTiles/Gemini_Generated_Image_62b3pr62b3pr62b3_21.asset
  artifactKey: Guid(64704e43620e0424393b8bf23c8ad432) Importer(2089858483,192608db42251d675da83286b1cce702)
Start importing Assets/Art/TilePallette/BiomeTiles/Gemini_Generated_Image_62b3pr62b3pr62b3_21.asset using Guid(64704e43620e0424393b8bf23c8ad432) Importer(2089858483,192608db42251d675da83286b1cce702) (ScriptedImporter) -> (artifact id: 'a04dcc94d5a2ff4d063394c89fa28e3f') in 0.0143427 seconds
Number of updated asset objects reloaded before import = 0Number of asset objects unloaded after import = 2

========================================================================
Received Import Request.
  Time since last request: 0.000018 seconds.
  path: Assets/Art/TilePallette/BiomeTiles/Gemini_Generated_Image_62b3pr62b3pr62b3_26.asset
  artifactKey: Guid(8ccc64d2c26c02d4b95bbd5c9f47a289) Importer(2089858483,192608db42251d675da83286b1cce702)
Start importing Assets/Art/TilePallette/BiomeTiles/Gemini_Generated_Image_62b3pr62b3pr62b3_26.asset using Guid(8ccc64d2c26c02d4b95bbd5c9f47a289) Importer(2089858483,192608db42251d675da83286b1cce702) (ScriptedImporter) -> (artifact id: '6e2a30c92d34ad9d9fec15d1217fc519') in 0.0141045 seconds
Number of updated asset objects reloaded before import = 0Number of asset objects unloaded after import = 2

========================================================================
Received Import Request.
  Time since last request: 0.000020 seconds.
  path: Assets/Art/TilePallette/FloorTiles/TileSheet_57.asset
  artifactKey: Guid(dca7031191d18a94687158ae7cb74198) Importer(2089858483,192608db42251d675da83286b1cce702)
Start importing Assets/Art/TilePallette/FloorTiles/TileSheet_57.asset using Guid(dca7031191d18a94687158ae7cb74198) Importer(2089858483,192608db42251d675da83286b1cce702) (ScriptedImporter) -> (artifact id: '4f292cc35603112d731a5556b5ce05ba') in 0.0154357 seconds
Number of updated asset objects reloaded before import = 0Number of asset objects unloaded after import = 2

========================================================================
Received Import Request.
  Time since last request: 0.000018 seconds.
  path: Assets/Art/TilePallette/FloorTiles/TileSheet_25.asset
  artifactKey: Guid(cc07f8213aa427e4ebb959da9c0316bb) Importer(2089858483,192608db42251d675da83286b1cce702)
Start importing Assets/Art/TilePallette/FloorTiles/TileSheet_25.asset using Guid(cc07f8213aa427e4ebb959da9c0316bb) Importer(2089858483,192608db42251d675da83286b1cce702) (ScriptedImporter) -> (artifact id: '3f983f13abebad33d7b17f5e578f55ec') in 0.0309499 seconds
Number of updated asset objects reloaded before import = 0Number of asset objects unloaded after import = 2

========================================================================
Received Import Request.
  Time since last request: 0.000020 seconds.
  path: Assets/Art/TilePallette/BiomeTiles/Gemini_Generated_Image_62b3pr62b3pr62b3_87.asset
  artifactKey: Guid(77cc966c90cd9cd4ab1f563a73831358) Importer(2089858483,192608db42251d675da83286b1cce702)
Start importing Assets/Art/TilePallette/BiomeTiles/Gemini_Generated_Image_62b3pr62b3pr62b3_87.asset using Guid(77cc966c90cd9cd4ab1f563a73831358) Importer(2089858483,192608db42251d675da83286b1cce702) (ScriptedImporter) -> (artifact id: '22b5f7f036b19994146527d1bd528a62') in 0.0148812 seconds
Number of updated asset objects reloaded before import = 0Number of asset objects unloaded after import = 2

========================================================================
Received Import Request.
  Time since last request: 0.000032 seconds.
  path: Assets/Art/TilePallette/FloorTiles/TileSheet_82.asset
  artifactKey: Guid(80fcbbc97a9e85642aa785f88f404e32) Importer(2089858483,192608db42251d675da83286b1cce702)
Start importing Assets/Art/TilePallette/FloorTiles/TileSheet_82.asset using Guid(80fcbbc97a9e85642aa785f88f404e32) Importer(2089858483,192608db42251d675da83286b1cce702) (ScriptedImporter) -> (artifact id: '77b26c65d34270172e16130f55c07b81') in 0.0156732 seconds
Number of updated asset objects reloaded before import = 0Number of asset objects unloaded after import = 2

========================================================================
Received Import Request.
  Time since last request: 0.000016 seconds.
  path: Assets/Art/TilePallette/Walls/TileSheet_32.asset
  artifactKey: Guid(742141807c0302f44b0cad58032c3335) Importer(2089858483,192608db42251d675da83286b1cce702)
Start importing Assets/Art/TilePallette/Walls/TileSheet_32.asset using Guid(742141807c0302f44b0cad58032c3335) Importer(2089858483,192608db42251d675da83286b1cce702) (ScriptedImporter) -> (artifact id: '5bb315c7772fa38d3b03e31a79c4b273') in 0.0163176 seconds
Number of updated asset objects reloaded before import = 0Number of asset objects unloaded after import = 2

========================================================================
Received Import Request.
  Time since last request: 0.000018 seconds.
  path: Assets/Art/TilePallette/RoomDecor/Prefabs/FastPotion.prefab
  artifactKey: Guid(ff92a95371744264e81214b5ec3a2256) Importer(2089858483,192608db42251d675da83286b1cce702)
Start importing Assets/Art/TilePallette/RoomDecor/Prefabs/FastPotion.prefab using Guid(ff92a95371744264e81214b5ec3a2256) Importer(2089858483,192608db42251d675da83286b1cce702) (ScriptedImporter) -> (artifact id: '4d36bd59b19d72a0842b620351810fc3') in 0.0185155 seconds
Number of updated asset objects reloaded before import = 0Number of asset objects unloaded after import = 9

========================================================================
Received Import Request.
  Time since last request: 0.000016 seconds.
  path: Assets/Art/TilePallette/FloorTiles/TileSheet_91.asset
  artifactKey: Guid(9f13b789b7c827b4fabe726539656a9b) Importer(2089858483,192608db42251d675da83286b1cce702)
Start importing Assets/Art/TilePallette/FloorTiles/TileSheet_91.asset using Guid(9f13b789b7c827b4fabe726539656a9b) Importer(2089858483,192608db42251d675da83286b1cce702) (ScriptedImporter) -> (artifact id: '6ca827bfdb499acc310f1f0432c62c49') in 0.014249 seconds
Number of updated asset objects reloaded before import = 0Number of asset objects unloaded after import = 2

========================================================================
Received Import Request.
  Time since last request: 0.000024 seconds.
  path: Assets/Art/TilePallette/FloorTiles/TileSheet_100.asset
  artifactKey: Guid(8846222712182f941b83ad5b8041b05b) Importer(2089858483,192608db42251d675da83286b1cce702)
Start importing Assets/Art/TilePallette/FloorTiles/TileSheet_100.asset using Guid(8846222712182f941b83ad5b8041b05b) Importer(2089858483,192608db42251d675da83286b1cce702) (ScriptedImporter) -> (artifact id: 'b60b223f074e124e8d9eabda566d254e') in 0.0142711 seconds
Number of updated asset objects reloaded before import = 0Number of asset objects unloaded after import = 2

========================================================================
Received Import Request.
  Time since last request: 0.000025 seconds.
  path: Assets/Art/TilePallette/BiomeTiles/Gemini_Generated_Image_62b3pr62b3pr62b3_117.asset
  artifactKey: Guid(245eacdaca09e68499720f2b3baf4b9c) Importer(2089858483,192608db42251d675da83286b1cce702)
Start importing Assets/Art/TilePallette/BiomeTiles/Gemini_Generated_Image_62b3pr62b3pr62b3_117.asset using Guid(245eacdaca09e68499720f2b3baf4b9c) Importer(2089858483,192608db42251d675da83286b1cce702) (ScriptedImporter) -> (artifact id: 'e6837642f52b1d4e485d695595df32a2') in 0.0139209 seconds
Number of updated asset objects reloaded before import = 0Number of asset objects unloaded after import = 2

========================================================================
Received Import Request.
  Time since last request: 0.000017 seconds.
  path: Assets/Art/TilePallette/BiomeTiles/Gemini_Generated_Image_62b3pr62b3pr62b3_99.asset
  artifactKey: Guid(fb9f61dd8f64f0b4baa96846228c17ad) Importer(2089858483,192608db42251d675da83286b1cce702)
Start importing Assets/Art/TilePallette/BiomeTiles/Gemini_Generated_Image_62b3pr62b3pr62b3_99.asset using Guid(fb9f61dd8f64f0b4baa96846228c17ad) Importer(2089858483,192608db42251d675da83286b1cce702) (ScriptedImporter) -> (artifact id: '9683f6edc79687d1f24a786eb8a86627') in 0.0135204 seconds
Number of updated asset objects reloaded before import = 0Number of asset objects unloaded after import = 2

Editor requested this worker to shutdown with reason: Scaling down because of idle timeout
AssetImportWorker is now disconnected from the server
Process exiting
Exiting without the bug reporter. Application will terminate with return code 0