[Licensing::Module] Trying to connect to existing licensing client channel...
Built from '6000.2/staging' branch; Version is '6000.2.10f1 (d3d30d158480) revision 13882125'; Using compiler version '194234433'; Build Type 'Release'
OS: 'Windows 11  (10.0.26200) 64bit Core' Language: 'en' Physical Memory: 32692 MB
BatchMode: 1, IsHumanControllingUs: 0, StartBugReporterOnCrash: 0, Is64bit: 1
Date: 2026-04-30T08:24:30Z
[Licensing::IpcConnector] Successfully connected to: "LicenseClient-User" at "2026-04-30T08:24:30.3363103Z"

COMMAND LINE ARGUMENTS:
C:\Program Files\6000.2.10f1\Editor\Unity.exe
-adb2
-batchMode
-noUpm
-name
AssetImportWorker11
-projectPath
E:/ProceduralDungeon
-logFile
Logs/AssetImportWorker11.log
-srvPort
65522
-licensingIpc
LicenseClient-User
-job-worker-count
11
-background-job-worker-count
8
-gc-helper-count
1
-name
AssetImport
Successfully changed project path to: E:/ProceduralDungeon
E:/ProceduralDungeon
[UnityMemory] Configuration Parameters - Can be set up in boot.config
    "memorysetup-allocator-temp-initial-block-size-main=262144"
    "memorysetup-allocator-temp-initial-block-size-worker=262144"
    "memorysetup-bucket-allocator-granularity=16"
    "memorysetup-bucket-allocator-bucket-count=8"
    "memorysetup-bucket-allocator-block-size=33554432"
    "memorysetup-bucket-allocator-block-count=8"
    "memorysetup-main-allocator-block-size=16777216"
    "memorysetup-thread-allocator-block-size=16777216"
    "memorysetup-gfx-main-allocator-block-size=16777216"
    "memorysetup-gfx-thread-allocator-block-size=16777216"
    "memorysetup-cache-allocator-block-size=4194304"
    "memorysetup-typetree-allocator-block-size=2097152"
    "memorysetup-profiler-bucket-allocator-granularity=16"
    "memorysetup-profiler-bucket-allocator-bucket-count=8"
    "memorysetup-profiler-bucket-allocator-block-size=33554432"
    "memorysetup-profiler-bucket-allocator-block-count=8"
    "memorysetup-profiler-allocator-block-size=16777216"
    "memorysetup-profiler-editor-allocator-block-size=1048576"
    "memorysetup-temp-allocator-size-main=16777216"
    "memorysetup-job-temp-allocator-block-size=2097152"
    "memorysetup-job-temp-allocator-block-size-background=1048576"
    "memorysetup-job-temp-allocator-reduction-small-platforms=262144"
    "memorysetup-temp-allocator-size-background-worker=32768"
    "memorysetup-temp-allocator-size-job-worker=262144"
    "memorysetup-temp-allocator-size-preload-manager=33554432"
    "memorysetup-temp-allocator-size-nav-mesh-worker=65536"
    "memorysetup-temp-allocator-size-audio-worker=65536"
    "memorysetup-temp-allocator-size-cloud-worker=32768"
    "memorysetup-temp-allocator-size-gi-baking-worker=262144"
    "memorysetup-temp-allocator-size-gi-baking-worker=262144"
    "memorysetup-temp-allocator-size-gi-baking-worker=262144"
    "memorysetup-temp-allocator-size-gi-baking-worker=262144"
    "memorysetup-temp-allocator-size-gi-baking-worker=262144"
    "memorysetup-temp-allocator-size-gfx=262144"
Player connection [22860]  Target information:

Player connection [22860]  * "[IP] 192.168.1.184 [Port] 0 [Flags] 2 [Guid] 3812419259 [EditorId] 3812419259 [Version] 1048832 [Id] WindowsEditor(7,DESKTOP-MROA2G9) [Debug] 1 [PackageName] WindowsEditor [ProjectName] Editor" 

Player connection [22860] Host joined multi-casting on [225.0.0.222:54997]...
Player connection [22860] Host joined alternative multi-casting on [225.0.0.222:34997]...
JobSystem: Creating JobQueue using job-worker-count value 11
Input System module state changed to: Initialized.
[Physics::Module] Initialized fallback backend.
[Physics::Module] Id: 0xdecafbad
[Licensing::Client] Code 10 while verifying Licensing Client signature (process Id: 32940, path: "C:/Users/User/Desktop/Unity Hub/UnityLicensingClient_V1/Unity.Licensing.Client.exe")
[Licensing::Module] LicensingClient has failed validation; ignoring
[Licensing::Client] Handshaking with LicensingClient:
  Version:                 1.17.4+4293ba1
  Session Id:              70a2e28bb3594f1a859e7057cad4fdb6
  Correlation Id:          81d203aaf5b43afd424cb7c3d250fefc
  External correlation Id: 7486254741252334490
  Machine Id:              N26h/t0TNiQkg8J0E+Djhoi8Vvg=
[Licensing::Module] Successfully connected to LicensingClient on channel: "LicenseClient-User" (connect: 0.00s, validation: 0.00s, handshake: 0.06s)
[Licensing::IpcConnector] Successfully connected to: "LicenseClient-User-notifications" at "2026-04-30T08:24:30.3978394Z"
[Licensing::Module] Licensing Background thread has ended after 0.06s
Library Redirect Path: Library/
[Physics::Module] Selected backend.
[Physics::Module] Name: PhysX
[Physics::Module] Id: 0xf2b8ea05
[Physics::Module] SDK Version: 4.1.2
[Physics::Module] Integration Version: 1.0.0
[Physics::Module] Threading Mode: Multi-Threaded
Refreshing native plugins compatible for Editor in 5.29 ms, found 4 plugins.
Preloading 0 native plugins for Editor in 0.00 ms.
Initialize engine version: 6000.2.10f1 (d3d30d158480)
[Subsystems] Discovering subsystems at path C:/Program Files/6000.2.10f1/Editor/Data/Resources/UnitySubsystems
[Subsystems] Discovering subsystems at path E:/ProceduralDungeon/Assets
GfxDevice: creating device client; kGfxThreadingModeNonThreaded
Direct3D:
    Version:  Direct3D 11.0 [level 11.1]
    Renderer: NVIDIA GeForce RTX 3070 (ID=0x2484)
    Vendor:   NVIDIA
    VRAM:     8018 MB
    Driver:   32.0.15.6636
Initialize mono
Mono path[0] = 'C:/Program Files/6000.2.10f1/Editor/Data/Managed'
Mono path[1] = 'C:/Program Files/6000.2.10f1/Editor/Data/MonoBleedingEdge/lib/mono/unityjit-win32'
Mono config path = 'C:/Program Files/6000.2.10f1/Editor/Data/MonoBleedingEdge/etc'
Using monoOptions --debugger-agent=transport=dt_socket,embedding=1,server=y,suspend=n,address=127.0.0.1:56536
Begin MonoManager ReloadAssembly
Registering precompiled unity dll's ...
Register platform support module: C:/Program Files/6000.2.10f1/Editor/Data/PlaybackEngines/WindowsStandaloneSupport/UnityEditor.WindowsStandalone.Extensions.dll
Registered in 0.003467 seconds.
- Loaded All Assemblies, in  0.475 seconds
Native extension for WindowsStandalone target not found
Mono: successfully reloaded assembly
- Finished resetting the current domain, in  0.507 seconds
Domain Reload Profiling: 978ms
	BeginReloadAssembly (162ms)
		ExecutionOrderSort (0ms)
		DisableScriptedObjects (0ms)
		BackupInstance (0ms)
		ReleaseScriptingObjects (0ms)
		CreateAndSetChildDomain (1ms)
	RebuildCommonClasses (42ms)
	RebuildNativeTypeToScriptingClass (14ms)
	initialDomainReloadingComplete (63ms)
	LoadAllAssembliesAndSetupDomain (189ms)
		LoadAssemblies (156ms)
		RebuildTransferFunctionScriptingTraits (0ms)
		AnalyzeDomain (185ms)
			TypeCache.Refresh (183ms)
				TypeCache.ScanAssembly (167ms)
			BuildScriptInfoCaches (0ms)
			ResolveRequiredComponents (1ms)
	FinalizeReload (508ms)
		ReleaseScriptCaches (0ms)
		RebuildScriptCaches (0ms)
		SetupLoadedEditorAssemblies (444ms)
			LogAssemblyErrors (0ms)
			InitializePlatformSupportModulesInManaged (68ms)
			SetLoadedEditorAssemblies (5ms)
			BeforeProcessingInitializeOnLoad (96ms)
			ProcessInitializeOnLoadAttributes (197ms)
			ProcessInitializeOnLoadMethodAttributes (79ms)
			AfterProcessingInitializeOnLoad (0ms)
			EditorAssembliesLoaded (0ms)
		ExecutionOrderSort2 (0ms)
		AwakeInstancesAfterBackupRestoration (0ms)
Assembly reference Packages/com.unity.cinemachine/Editor/Samples/ExposeHDRPInternals/HDRP-Editor-ref.asmref has no target assembly definition
========================================================================
Worker process is ready to serve import requests
Import Worker Mode flag is 0x00
Assembly reference Packages/com.unity.cinemachine/Editor/Samples/ExposeHDRPInternals/HDRP-Editor-ref.asmref has no target assembly definition
Assembly reference Packages/com.unity.cinemachine/Editor/Samples/ExposeHDRPInternals/HDRP-Editor-ref.asmref has no target assembly definition
Begin MonoManager ReloadAssembly
[Licensing::Client] Successfully resolved entitlement details
[Licensing::Module] License group:
  Id: F4-RHZR-CMD6-PD46-HR52-XXXX
  Product: Unity Personal
  Type: ULF
  Expiration: Unlimited
[Licensing::Module] License group:
  Id: 6872308939192-UnityPersXXXX
  Product: Unity Personal
  Type: Assigned
  Expiration: Unlimited
- Loaded All Assemblies, in  1.256 seconds
Assembly reference Packages/com.unity.cinemachine/Editor/Samples/ExposeHDRPInternals/HDRP-Editor-ref.asmref has no target assembly definition
'Packages/com.unity.cinemachine/Editor/Obsolete/CinemachineVirtualCameraBaseEditor.cs' contains partial class of Unity.Object, exactly 1 of the partial classes needs to be in a file with the same filename. This is to know the one that can be referenced from ie. GameObjects
'Packages/com.unity.cinemachine/Editor/Editors/CinemachineVirtualCameraBaseEditor.cs' contains partial class of Unity.Object, exactly 1 of the partial classes needs to be in a file with the same filename. This is to know the one that can be referenced from ie. GameObjects
Refreshing native plugins compatible for Editor in 2.31 ms, found 4 plugins.
Native extension for WindowsStandalone target not found
Assembly reference Packages/com.unity.cinemachine/Editor/Samples/ExposeHDRPInternals/HDRP-Editor-ref.asmref has no target assembly definition
Package Manager log level set to [2]
[Package Manager] Failed to launch server process. Reason: Unity was launched with the -noUpm command-line argument
[Package Manager] Unable to send message (not connected to server process).
[Package Manager] Cannot connect to Unity Package Manager local server
[Package Manager] Failed to launch server process. Reason: Unity was launched with the -noUpm command-line argument
[Package Manager] Unable to send message (not connected to server process).
[Package Manager] Cannot connect to Unity Package Manager local server
Mono: successfully reloaded assembly
- Finished resetting the current domain, in  1.642 seconds
Domain Reload Profiling: 2888ms
	BeginReloadAssembly (253ms)
		ExecutionOrderSort (0ms)
		DisableScriptedObjects (9ms)
		BackupInstance (0ms)
		ReleaseScriptingObjects (0ms)
		CreateAndSetChildDomain (43ms)
	RebuildCommonClasses (43ms)
	RebuildNativeTypeToScriptingClass (13ms)
	initialDomainReloadingComplete (58ms)
	LoadAllAssembliesAndSetupDomain (879ms)
		LoadAssemblies (616ms)
		RebuildTransferFunctionScriptingTraits (0ms)
		AnalyzeDomain (401ms)
			TypeCache.Refresh (314ms)
				TypeCache.ScanAssembly (288ms)
			BuildScriptInfoCaches (67ms)
			ResolveRequiredComponents (14ms)
	FinalizeReload (1642ms)
		ReleaseScriptCaches (0ms)
		RebuildScriptCaches (0ms)
		SetupLoadedEditorAssemblies (1465ms)
			LogAssemblyErrors (0ms)
			InitializePlatformSupportModulesInManaged (2ms)
			SetLoadedEditorAssemblies (7ms)
			BeforeProcessingInitializeOnLoad (204ms)
			ProcessInitializeOnLoadAttributes (1063ms)
			ProcessInitializeOnLoadMethodAttributes (178ms)
			AfterProcessingInitializeOnLoad (10ms)
			EditorAssembliesLoaded (0ms)
		ExecutionOrderSort2 (0ms)
		AwakeInstancesAfterBackupRestoration (7ms)
Launched and connected shader compiler UnityShaderCompiler.exe after 0.02 seconds
Refreshing native plugins compatible for Editor in 4.64 ms, found 4 plugins.
Preloading 0 native plugins for Editor in 0.00 ms.
Unloading 14 Unused Serialized files (Serialized files now loaded: 0)
Unloading 7209 unused Assets / (5.0 MB). Loaded Objects now: 8009.
Memory consumption went from 146.2 MB to 141.2 MB.
Total: 139.879000 ms (FindLiveObjects: 1.923100 ms CreateObjectMapping: 2.464800 ms MarkObjects: 130.462300 ms  DeleteObjects: 5.026700 ms)

========================================================================
Received Import Request.
  Time since last request: 358170.810010 seconds.
  path: Assets/Art/TilePallette/FloorTiles/TileSheet_127.asset
  artifactKey: Guid(d9689699c1b892b428763be54e7a3a01) Importer(2089858483,192608db42251d675da83286b1cce702)
Start importing Assets/Art/TilePallette/FloorTiles/TileSheet_127.asset using Guid(d9689699c1b892b428763be54e7a3a01) Importer(2089858483,192608db42251d675da83286b1cce702) (ScriptedImporter) -> (artifact id: '2dc5c7ccafc1ab5ebe05da3927757f29') in 0.2437659 seconds
Number of updated asset objects reloaded before import = 0Number of asset objects unloaded after import = 2

========================================================================
Received Import Request.
  Time since last request: 0.000022 seconds.
  path: Assets/Art/TilePallette/BiomeTiles/Gemini_Generated_Image_62b3pr62b3pr62b3_57.asset
  artifactKey: Guid(9b37278767e3a8d4397ce3ca0fb8e8a7) Importer(2089858483,192608db42251d675da83286b1cce702)
Start importing Assets/Art/TilePallette/BiomeTiles/Gemini_Generated_Image_62b3pr62b3pr62b3_57.asset using Guid(9b37278767e3a8d4397ce3ca0fb8e8a7) Importer(2089858483,192608db42251d675da83286b1cce702) (ScriptedImporter) -> (artifact id: 'ac7a846dde1a33e46ddae2c2c643da1f') in 0.0160177 seconds
Number of updated asset objects reloaded before import = 0Number of asset objects unloaded after import = 2

========================================================================
Received Import Request.
  Time since last request: 0.000033 seconds.
  path: Assets/Art/TilePallette/FloorTiles/TileSheet_119.asset
  artifactKey: Guid(5dbe5ef4ab3fdbd4282c441f12201102) Importer(2089858483,192608db42251d675da83286b1cce702)
Start importing Assets/Art/TilePallette/FloorTiles/TileSheet_119.asset using Guid(5dbe5ef4ab3fdbd4282c441f12201102) Importer(2089858483,192608db42251d675da83286b1cce702) (ScriptedImporter) -> (artifact id: 'd2049960d40b48bf1a588bad86a481fa') in 0.0143185 seconds
Number of updated asset objects reloaded before import = 0Number of asset objects unloaded after import = 2

========================================================================
Received Import Request.
  Time since last request: 0.000018 seconds.
  path: Assets/Art/TilePallette/FloorTiles/TileSheet_33.asset
  artifactKey: Guid(55309a64bbd7a77499dc4525a7885439) Importer(2089858483,192608db42251d675da83286b1cce702)
Start importing Assets/Art/TilePallette/FloorTiles/TileSheet_33.asset using Guid(55309a64bbd7a77499dc4525a7885439) Importer(2089858483,192608db42251d675da83286b1cce702) (ScriptedImporter) -> (artifact id: '73abcabd65dca5a2cdb55d60243357a8') in 0.0141343 seconds
Number of updated asset objects reloaded before import = 0Number of asset objects unloaded after import = 2

========================================================================
Received Import Request.
  Time since last request: 0.000018 seconds.
  path: Assets/Art/TilePallette/FloorTiles/TileSheet_28.asset
  artifactKey: Guid(0c8260b1b6fe5a54c860d6f6cb0e4b9d) Importer(2089858483,192608db42251d675da83286b1cce702)
Start importing Assets/Art/TilePallette/FloorTiles/TileSheet_28.asset using Guid(0c8260b1b6fe5a54c860d6f6cb0e4b9d) Importer(2089858483,192608db42251d675da83286b1cce702) (ScriptedImporter) -> (artifact id: 'c3c2ba684633db19655617f5f94bcf10') in 0.0157126 seconds
Number of updated asset objects reloaded before import = 0Number of asset objects unloaded after import = 2

========================================================================
Received Import Request.
  Time since last request: 0.000020 seconds.
  path: Assets/Art/TilePallette/FloorTiles/TileSheet_30.asset
  artifactKey: Guid(be8c567f4b9f88a40b0d38b6b9164c79) Importer(2089858483,192608db42251d675da83286b1cce702)
Start importing Assets/Art/TilePallette/FloorTiles/TileSheet_30.asset using Guid(be8c567f4b9f88a40b0d38b6b9164c79) Importer(2089858483,192608db42251d675da83286b1cce702) (ScriptedImporter) -> (artifact id: 'e80cc4cbe70d6e24898ea8e482d806ee') in 0.0141056 seconds
Number of updated asset objects reloaded before import = 0Number of asset objects unloaded after import = 2

========================================================================
Received Import Request.
  Time since last request: 0.000023 seconds.
  path: Assets/Art/TilePallette/FloorTiles/TileSheet_16.asset
  artifactKey: Guid(5a9dbb865bb84fa4c8800758260c5c25) Importer(2089858483,192608db42251d675da83286b1cce702)
Start importing Assets/Art/TilePallette/FloorTiles/TileSheet_16.asset using Guid(5a9dbb865bb84fa4c8800758260c5c25) Importer(2089858483,192608db42251d675da83286b1cce702) (ScriptedImporter) -> (artifact id: '4f937eb2c4c9722c64166d09b2682ac3') in 0.016313 seconds
Number of updated asset objects reloaded before import = 0Number of asset objects unloaded after import = 2

========================================================================
Received Import Request.
  Time since last request: 0.000034 seconds.
  path: Assets/Art/TilePallette/BiomeTiles/Gemini_Generated_Image_62b3pr62b3pr62b3_202.asset
  artifactKey: Guid(ad38413dc9ca2f149abe9c8c43c618d9) Importer(2089858483,192608db42251d675da83286b1cce702)
Start importing Assets/Art/TilePallette/BiomeTiles/Gemini_Generated_Image_62b3pr62b3pr62b3_202.asset using Guid(ad38413dc9ca2f149abe9c8c43c618d9) Importer(2089858483,192608db42251d675da83286b1cce702) (ScriptedImporter) -> (artifact id: 'b8b32b7c578bc6c66be2b19771207568') in 0.014303 seconds
Number of updated asset objects reloaded before import = 0Number of asset objects unloaded after import = 2

========================================================================
Received Import Request.
  Time since last request: 0.000021 seconds.
  path: Assets/Art/TilePallette/BiomeTiles/Gemini_Generated_Image_62b3pr62b3pr62b3_182.asset
  artifactKey: Guid(62b0823045fe06746914aaf314b967f2) Importer(2089858483,192608db42251d675da83286b1cce702)
Start importing Assets/Art/TilePallette/BiomeTiles/Gemini_Generated_Image_62b3pr62b3pr62b3_182.asset using Guid(62b0823045fe06746914aaf314b967f2) Importer(2089858483,192608db42251d675da83286b1cce702) (ScriptedImporter) -> (artifact id: '6122bb2b32cc67b6b39140151517d1de') in 0.0142758 seconds
Number of updated asset objects reloaded before import = 0Number of asset objects unloaded after import = 2

========================================================================
Received Import Request.
  Time since last request: 0.000023 seconds.
  path: Assets/Art/TilePallette/BiomeTiles/Gemini_Generated_Image_62b3pr62b3pr62b3_239.asset
  artifactKey: Guid(27c890db933843b4c90e6465e7e54411) Importer(2089858483,192608db42251d675da83286b1cce702)
Start importing Assets/Art/TilePallette/BiomeTiles/Gemini_Generated_Image_62b3pr62b3pr62b3_239.asset using Guid(27c890db933843b4c90e6465e7e54411) Importer(2089858483,192608db42251d675da83286b1cce702) (ScriptedImporter) -> (artifact id: '16d7303f2bc49de967761c21654a2fe8') in 0.0144904 seconds
Number of updated asset objects reloaded before import = 0Number of asset objects unloaded after import = 2

========================================================================
Received Import Request.
  Time since last request: 0.000024 seconds.
  path: Assets/Art/TilePallette/BiomeTiles/Gemini_Generated_Image_62b3pr62b3pr62b3_85.asset
  artifactKey: Guid(37746f6f64ed38a478032b5082cd6d0d) Importer(2089858483,192608db42251d675da83286b1cce702)
Start importing Assets/Art/TilePallette/BiomeTiles/Gemini_Generated_Image_62b3pr62b3pr62b3_85.asset using Guid(37746f6f64ed38a478032b5082cd6d0d) Importer(2089858483,192608db42251d675da83286b1cce702) (ScriptedImporter) -> (artifact id: 'e9b532e6ade5748d28405e5006e091fb') in 0.0141055 seconds
Number of updated asset objects reloaded before import = 0Number of asset objects unloaded after import = 2

========================================================================
Received Import Request.
  Time since last request: 0.000032 seconds.
  path: Assets/Art/TilePallette/FloorTiles/TileSheet_44.asset
  artifactKey: Guid(dbb5ba2dabe508b4493da4f4f91f33b1) Importer(2089858483,192608db42251d675da83286b1cce702)
Start importing Assets/Art/TilePallette/FloorTiles/TileSheet_44.asset using Guid(dbb5ba2dabe508b4493da4f4f91f33b1) Importer(2089858483,192608db42251d675da83286b1cce702) (ScriptedImporter) -> (artifact id: 'dbb85e9445f3e10fc35460bd2bff3fcc') in 0.0153464 seconds
Number of updated asset objects reloaded before import = 0Number of asset objects unloaded after import = 2

========================================================================
Received Import Request.
  Time since last request: 0.000016 seconds.
  path: Assets/Art/TilePallette/FloorTiles/TileSheet_8.asset
  artifactKey: Guid(3c2a550e6c3a5454fa6296c2762786b9) Importer(2089858483,192608db42251d675da83286b1cce702)
Start importing Assets/Art/TilePallette/FloorTiles/TileSheet_8.asset using Guid(3c2a550e6c3a5454fa6296c2762786b9) Importer(2089858483,192608db42251d675da83286b1cce702) (ScriptedImporter) -> (artifact id: '76b6d4a940260629294c6b9e757ffb76') in 0.0146015 seconds
Number of updated asset objects reloaded before import = 0Number of asset objects unloaded after import = 2

========================================================================
Received Import Request.
  Time since last request: 0.000024 seconds.
  path: Assets/Art/TilePallette/FloorTiles/TileSheet_40.asset
  artifactKey: Guid(81597540eb080364ab4514f50c71e297) Importer(2089858483,192608db42251d675da83286b1cce702)
Start importing Assets/Art/TilePallette/FloorTiles/TileSheet_40.asset using Guid(81597540eb080364ab4514f50c71e297) Importer(2089858483,192608db42251d675da83286b1cce702) (ScriptedImporter) -> (artifact id: '39290011b6c12c999ef0011d17a4dcb7') in 0.0171257 seconds
Number of updated asset objects reloaded before import = 0Number of asset objects unloaded after import = 2

========================================================================
Received Import Request.
  Time since last request: 0.000018 seconds.
  path: Assets/Art/TilePallette/FloorTiles/TileSheet_66.asset
  artifactKey: Guid(0da48d9b6e44a81438309b01e5ec3f3d) Importer(2089858483,192608db42251d675da83286b1cce702)
Start importing Assets/Art/TilePallette/FloorTiles/TileSheet_66.asset using Guid(0da48d9b6e44a81438309b01e5ec3f3d) Importer(2089858483,192608db42251d675da83286b1cce702) (ScriptedImporter) -> (artifact id: '06fb18263a1866a75d0b0547ccd11e01') in 0.0146716 seconds
Number of updated asset objects reloaded before import = 0Number of asset objects unloaded after import = 2

========================================================================
Received Import Request.
  Time since last request: 0.000032 seconds.
  path: Assets/Art/TilePallette/FloorTiles/TileSheet_80.asset
  artifactKey: Guid(5ac13ae9de75b3a49aea0727f7d7c1ea) Importer(2089858483,192608db42251d675da83286b1cce702)
Start importing Assets/Art/TilePallette/FloorTiles/TileSheet_80.asset using Guid(5ac13ae9de75b3a49aea0727f7d7c1ea) Importer(2089858483,192608db42251d675da83286b1cce702) (ScriptedImporter) -> (artifact id: '408f10e3ebd04033dbf2c6b67a983f51') in 0.0133639 seconds
Number of updated asset objects reloaded before import = 0Number of asset objects unloaded after import = 2

========================================================================
Received Import Request.
  Time since last request: 0.000017 seconds.
  path: Assets/Art/TilePallette/BiomeTiles/Gemini_Generated_Image_62b3pr62b3pr62b3_73.asset
  artifactKey: Guid(0aa8c3e76e320c64282e225e41d2e223) Importer(2089858483,192608db42251d675da83286b1cce702)
Start importing Assets/Art/TilePallette/BiomeTiles/Gemini_Generated_Image_62b3pr62b3pr62b3_73.asset using Guid(0aa8c3e76e320c64282e225e41d2e223) Importer(2089858483,192608db42251d675da83286b1cce702) (ScriptedImporter) -> (artifact id: 'ce6f0216d2d2a0c495ce8cccac9c9e67') in 0.0144133 seconds
Number of updated asset objects reloaded before import = 0Number of asset objects unloaded after import = 2

========================================================================
Received Import Request.
  Time since last request: 0.000018 seconds.
  path: Assets/Art/TilePallette/BiomeTiles/Gemini_Generated_Image_62b3pr62b3pr62b3_134.asset
  artifactKey: Guid(eab97da8c462ab64e89c379650ca6de1) Importer(2089858483,192608db42251d675da83286b1cce702)
Start importing Assets/Art/TilePallette/BiomeTiles/Gemini_Generated_Image_62b3pr62b3pr62b3_134.asset using Guid(eab97da8c462ab64e89c379650ca6de1) Importer(2089858483,192608db42251d675da83286b1cce702) (ScriptedImporter) -> (artifact id: '609862ece8951e0bcedc0ffa45df9541') in 0.0137829 seconds
Number of updated asset objects reloaded before import = 0Number of asset objects unloaded after import = 2

========================================================================
Received Import Request.
  Time since last request: 0.000027 seconds.
  path: Assets/Art/TilePallette/Walls/TileSheet_46.asset
  artifactKey: Guid(5c2e1f6a7e3277f4899a5a4804563ab3) Importer(2089858483,192608db42251d675da83286b1cce702)
Start importing Assets/Art/TilePallette/Walls/TileSheet_46.asset using Guid(5c2e1f6a7e3277f4899a5a4804563ab3) Importer(2089858483,192608db42251d675da83286b1cce702) (ScriptedImporter) -> (artifact id: '08a1ecaabde4589637a83c69ceb18867') in 0.0162711 seconds
Number of updated asset objects reloaded before import = 0Number of asset objects unloaded after import = 2

========================================================================
Received Import Request.
  Time since last request: 0.000036 seconds.
  path: Assets/Plugins/Sirenix/Assemblies/Sirenix.OdinInspector.Editor.dll
  artifactKey: Guid(a4865f1ab4504ed8a368670db22f409c) Importer(2089858483,192608db42251d675da83286b1cce702)
Start importing Assets/Plugins/Sirenix/Assemblies/Sirenix.OdinInspector.Editor.dll using Guid(a4865f1ab4504ed8a368670db22f409c) Importer(2089858483,192608db42251d675da83286b1cce702) (ScriptedImporter) -> (artifact id: '213d05ac8b567bb8672d0a6490c0c2ef') in 0.0651743 seconds
Number of updated asset objects reloaded before import = 0Number of asset objects unloaded after import = 0

========================================================================
Received Import Request.
  Time since last request: 0.000021 seconds.
  path: Assets/Plugins/Sirenix/Assemblies/Sirenix.OdinInspector.Editor.xml
  artifactKey: Guid(a4865f1ab4504ed8a368670db22f096f) Importer(2089858483,192608db42251d675da83286b1cce702)
Start importing Assets/Plugins/Sirenix/Assemblies/Sirenix.OdinInspector.Editor.xml using Guid(a4865f1ab4504ed8a368670db22f096f) Importer(2089858483,192608db42251d675da83286b1cce702) (ScriptedImporter) -> (artifact id: '5120b41bec263be1e449903926b4ef0d') in 0.0110418 seconds
Number of updated asset objects reloaded before import = 0Number of asset objects unloaded after import = 1

========================================================================
Received Import Request.
  Time since last request: 0.000039 seconds.
  path: Assets/Art/TilePallette/FloorTiles/TileSheet_99.asset
  artifactKey: Guid(067f2a9b0a013164f82e3eb9c9e5555d) Importer(2089858483,192608db42251d675da83286b1cce702)
Start importing Assets/Art/TilePallette/FloorTiles/TileSheet_99.asset using Guid(067f2a9b0a013164f82e3eb9c9e5555d) Importer(2089858483,192608db42251d675da83286b1cce702) (ScriptedImporter) -> (artifact id: '5d667cc69a4c48754b476b0cae4b994f') in 0.0130174 seconds
Number of updated asset objects reloaded before import = 0Number of asset objects unloaded after import = 2

========================================================================
Received Import Request.
  Time since last request: 0.000025 seconds.
  path: Assets/Art/TilePallette/Walls/upperwall_0.asset
  artifactKey: Guid(85b27f72fa258e343ad463a22ea1dad7) Importer(2089858483,192608db42251d675da83286b1cce702)
Start importing Assets/Art/TilePallette/Walls/upperwall_0.asset using Guid(85b27f72fa258e343ad463a22ea1dad7) Importer(2089858483,192608db42251d675da83286b1cce702) (ScriptedImporter) -> (artifact id: '1a56fe73834819bce84af005f7605dfb') in 0.0162149 seconds
Number of updated asset objects reloaded before import = 0Number of asset objects unloaded after import = 2

========================================================================
Received Import Request.
  Time since last request: 0.000032 seconds.
  path: Assets/Art/TilePallette/FloorTiles/TileSheet_96.asset
  artifactKey: Guid(11337c420f755d040ab1b07e2c49ecd4) Importer(2089858483,192608db42251d675da83286b1cce702)
Start importing Assets/Art/TilePallette/FloorTiles/TileSheet_96.asset using Guid(11337c420f755d040ab1b07e2c49ecd4) Importer(2089858483,192608db42251d675da83286b1cce702) (ScriptedImporter) -> (artifact id: '7721f174e7e430bcf9dc63fefa0d1238') in 0.0148237 seconds
Number of updated asset objects reloaded before import = 0Number of asset objects unloaded after import = 2

========================================================================
Received Import Request.
  Time since last request: 0.000020 seconds.
  path: Assets/Art/TilePallette/BiomeTiles/Gemini_Generated_Image_62b3pr62b3pr62b3_118.asset
  artifactKey: Guid(39ffd4917faa2ce438378f3986bba4b9) Importer(2089858483,192608db42251d675da83286b1cce702)
Start importing Assets/Art/TilePallette/BiomeTiles/Gemini_Generated_Image_62b3pr62b3pr62b3_118.asset using Guid(39ffd4917faa2ce438378f3986bba4b9) Importer(2089858483,192608db42251d675da83286b1cce702) (ScriptedImporter) -> (artifact id: 'b8fa5f98d2db7ecc6641e41ce047e00b') in 0.016323 seconds
Number of updated asset objects reloaded before import = 0Number of asset objects unloaded after import = 2

========================================================================
Received Import Request.
  Time since last request: 0.000018 seconds.
  path: Assets/Plugins/Sirenix/Assemblies/Sirenix.Serialization.Config.dll
  artifactKey: Guid(74721b9f0af448f5ae2e91102a1a5edd) Importer(2089858483,192608db42251d675da83286b1cce702)
Start importing Assets/Plugins/Sirenix/Assemblies/Sirenix.Serialization.Config.dll using Guid(74721b9f0af448f5ae2e91102a1a5edd) Importer(2089858483,192608db42251d675da83286b1cce702) (ScriptedImporter) -> (artifact id: 'bfe6c2c309b07577384e2f1b94adac66') in 0.0178522 seconds
Number of updated asset objects reloaded before import = 0Number of asset objects unloaded after import = 0

========================================================================
Received Import Request.
  Time since last request: 0.000037 seconds.
  path: Assets/TextMesh Pro/Resources/Fonts & Materials/LiberationSans SDF.asset
  artifactKey: Guid(8f586378b4e144a9851e7b34d9b748ee) Importer(2089858483,192608db42251d675da83286b1cce702)
Start importing Assets/TextMesh Pro/Resources/Fonts & Materials/LiberationSans SDF.asset using Guid(8f586378b4e144a9851e7b34d9b748ee) Importer(2089858483,192608db42251d675da83286b1cce702) (ScriptedImporter) -> (artifact id: '44e167ee63cd387492a05f7c20b071d4') in 0.0810724 seconds
Number of updated asset objects reloaded before import = 0Number of asset objects unloaded after import = 8

========================================================================
Received Import Request.
  Time since last request: 0.000028 seconds.
  path: Assets/Plugins/Sirenix/Demos/Custom Drawers.unitypackage
  artifactKey: Guid(48e08dc33330d11e9d4a1b246c52e4f6) Importer(2089858483,192608db42251d675da83286b1cce702)
Start importing Assets/Plugins/Sirenix/Demos/Custom Drawers.unitypackage using Guid(48e08dc33330d11e9d4a1b246c52e4f6) Importer(2089858483,192608db42251d675da83286b1cce702) (ScriptedImporter) -> (artifact id: '3b30b0b84c20cbd20ff8a9523482e09a') in 0.0121022 seconds
Number of updated asset objects reloaded before import = 0Number of asset objects unloaded after import = 1

========================================================================
Received Import Request.
  Time since last request: 0.000029 seconds.
  path: Assets/Plugins/Sirenix/Demos/Sample - RPG Editor.unitypackage
  artifactKey: Guid(cc355dd4cf1e6173beaeb22c2858cbe1) Importer(2089858483,192608db42251d675da83286b1cce702)
Start importing Assets/Plugins/Sirenix/Demos/Sample - RPG Editor.unitypackage using Guid(cc355dd4cf1e6173beaeb22c2858cbe1) Importer(2089858483,192608db42251d675da83286b1cce702) (ScriptedImporter) -> (artifact id: '3c9d46d560c0e0ee7c169266c5aaf514') in 0.0118025 seconds
Number of updated asset objects reloaded before import = 0Number of asset objects unloaded after import = 1

========================================================================
Received Import Request.
  Time since last request: 0.000022 seconds.
  path: Assets/Plugins/Sirenix/Assemblies/Sirenix.OdinValidator.Editor.dll
  artifactKey: Guid(afbf832bc46149f5a291e87cab63e46d) Importer(2089858483,192608db42251d675da83286b1cce702)
Start importing Assets/Plugins/Sirenix/Assemblies/Sirenix.OdinValidator.Editor.dll using Guid(afbf832bc46149f5a291e87cab63e46d) Importer(2089858483,192608db42251d675da83286b1cce702) (ScriptedImporter) -> (artifact id: '32db92cf3bb5cafeaf97503fbd25c0f9') in 0.0213907 seconds
Number of updated asset objects reloaded before import = 0Number of asset objects unloaded after import = 0

========================================================================
Received Import Request.
  Time since last request: 0.000018 seconds.
  path: Assets/Plugins/Sirenix/Assemblies/Sirenix.Serialization.Config.xml
  artifactKey: Guid(74721b9f0af448f5ae2e91102a1a096f) Importer(2089858483,192608db42251d675da83286b1cce702)
Start importing Assets/Plugins/Sirenix/Assemblies/Sirenix.Serialization.Config.xml using Guid(74721b9f0af448f5ae2e91102a1a096f) Importer(2089858483,192608db42251d675da83286b1cce702) (ScriptedImporter) -> (artifact id: '20c4e5eb20bf0abbffbafb66526575ca') in 0.0123472 seconds
Number of updated asset objects reloaded before import = 0Number of asset objects unloaded after import = 1

========================================================================
Received Import Request.
  Time since last request: 0.000023 seconds.
  path: Assets/Art/TilePallette/RoomDecor/Prefabs/IdleFemale.png
  artifactKey: Guid(9b230487079ae7547af56b28897fd7f0) Importer(2089858483,192608db42251d675da83286b1cce702)
Start importing Assets/Art/TilePallette/RoomDecor/Prefabs/IdleFemale.png using Guid(9b230487079ae7547af56b28897fd7f0) Importer(2089858483,192608db42251d675da83286b1cce702) (ScriptedImporter) -> (artifact id: 'facb9b069478e77fdc287296be47da25') in 0.0866718 seconds
Number of updated asset objects reloaded before import = 0Number of asset objects unloaded after import = 3

========================================================================
Received Import Request.
  Time since last request: 0.000023 seconds.
  path: Assets/Plugins/Sirenix/Odin Inspector/Modules/Unity.Addressables.data
  artifactKey: Guid(d92d0eb8b980c6d44b5f0e64a620355b) Importer(2089858483,192608db42251d675da83286b1cce702)
Start importing Assets/Plugins/Sirenix/Odin Inspector/Modules/Unity.Addressables.data using Guid(d92d0eb8b980c6d44b5f0e64a620355b) Importer(2089858483,192608db42251d675da83286b1cce702) (ScriptedImporter) -> (artifact id: '5fe8a270ca2debad7f9d936b4958317d') in 0.0104618 seconds
Number of updated asset objects reloaded before import = 0Number of asset objects unloaded after import = 1

========================================================================
Received Import Request.
  Time since last request: 0.000030 seconds.
  path: Assets/Plugins/Sirenix/Assemblies/NoEmitAndNoEditor/Sirenix.Utilities.pdb
  artifactKey: Guid(1e0a9643dc0d4b46bf2321f72c4e0a6f) Importer(2089858483,192608db42251d675da83286b1cce702)
Start importing Assets/Plugins/Sirenix/Assemblies/NoEmitAndNoEditor/Sirenix.Utilities.pdb using Guid(1e0a9643dc0d4b46bf2321f72c4e0a6f) Importer(2089858483,192608db42251d675da83286b1cce702) (ScriptedImporter) -> (artifact id: '981e488a99bc938aa61887173c54d8ea') in 0.0103508 seconds
Number of updated asset objects reloaded before import = 0Number of asset objects unloaded after import = 1

========================================================================
Received Import Request.
  Time since last request: 0.000019 seconds.
  path: Assets/Plugins/Sirenix/Odin Inspector/Modules/Unity.Entities.data
  artifactKey: Guid(728df0e3465c1a148b83053a3f31d489) Importer(2089858483,192608db42251d675da83286b1cce702)
Start importing Assets/Plugins/Sirenix/Odin Inspector/Modules/Unity.Entities.data using Guid(728df0e3465c1a148b83053a3f31d489) Importer(2089858483,192608db42251d675da83286b1cce702) (ScriptedImporter) -> (artifact id: '164a9bb4ed57b2276efe12883910e64b') in 0.0117976 seconds
Number of updated asset objects reloaded before import = 0Number of asset objects unloaded after import = 1

========================================================================
Received Import Request.
  Time since last request: 0.000020 seconds.
  path: Assets/Plugins/Sirenix/Assemblies/NoEmitAndNoEditor/Sirenix.Serialization.pdb
  artifactKey: Guid(d2a8f0021d6b47c5923d8972dfb80a6f) Importer(2089858483,192608db42251d675da83286b1cce702)
Start importing Assets/Plugins/Sirenix/Assemblies/NoEmitAndNoEditor/Sirenix.Serialization.pdb using Guid(d2a8f0021d6b47c5923d8972dfb80a6f) Importer(2089858483,192608db42251d675da83286b1cce702) (ScriptedImporter) -> (artifact id: 'afe254e585cca49f5f6e8abcda4efba5') in 0.0110357 seconds
Number of updated asset objects reloaded before import = 0Number of asset objects unloaded after import = 1

========================================================================
Received Import Request.
  Time since last request: 0.000018 seconds.
  path: Assets/Art/TilePallette/RoomDecor/Prefabs/StrongPotion.prefab
  artifactKey: Guid(5d90ab53c937f8245a8ee82ebcaa495a) Importer(2089858483,192608db42251d675da83286b1cce702)
Start importing Assets/Art/TilePallette/RoomDecor/Prefabs/StrongPotion.prefab using Guid(5d90ab53c937f8245a8ee82ebcaa495a) Importer(2089858483,192608db42251d675da83286b1cce702) (ScriptedImporter) -> (artifact id: '6280f9c81879096032cdb0faacc7e14a') in 0.0519641 seconds
Number of updated asset objects reloaded before import = 0Number of asset objects unloaded after import = 9

========================================================================
Received Import Request.
  Time since last request: 0.000018 seconds.
  path: Assets/Plugins/Sirenix/Assemblies/Sirenix.Utilities.xml
  artifactKey: Guid(4873f2a8bdae42baa0406e8a6136096f) Importer(2089858483,192608db42251d675da83286b1cce702)
Start importing Assets/Plugins/Sirenix/Assemblies/Sirenix.Utilities.xml using Guid(4873f2a8bdae42baa0406e8a6136096f) Importer(2089858483,192608db42251d675da83286b1cce702) (ScriptedImporter) -> (artifact id: '5f2b77666e75d402f44a3ba5a16ea949') in 0.1945559 seconds
Number of updated asset objects reloaded before import = 0Number of asset objects unloaded after import = 1

========================================================================
Received Import Request.
  Time since last request: 0.000028 seconds.
  path: Assets/Plugins/Sirenix/Odin Validator/Editor/Config/AutomationConfig.asset
  artifactKey: Guid(28bc8f586921e7f4fa002b7f1b17a48d) Importer(2089858483,192608db42251d675da83286b1cce702)
Start importing Assets/Plugins/Sirenix/Odin Validator/Editor/Config/AutomationConfig.asset using Guid(28bc8f586921e7f4fa002b7f1b17a48d) Importer(2089858483,192608db42251d675da83286b1cce702) (ScriptedImporter) -> (artifact id: 'fed60b6fe7f35c1630d2cd3e64be64a7') in 0.0223161 seconds
Number of updated asset objects reloaded before import = 0Number of asset objects unloaded after import = 1

========================================================================
Received Import Request.
  Time since last request: 0.000020 seconds.
  path: Assets/Plugins/Sirenix/Odin Inspector/Config/Editor/ColorPaletteManager.asset
  artifactKey: Guid(c668ea333f113cb42a588a87554983a2) Importer(2089858483,192608db42251d675da83286b1cce702)
Start importing Assets/Plugins/Sirenix/Odin Inspector/Config/Editor/ColorPaletteManager.asset using Guid(c668ea333f113cb42a588a87554983a2) Importer(2089858483,192608db42251d675da83286b1cce702) (ScriptedImporter) -> (artifact id: 'f5cfdb4310b5d10a0f044b5b8029e178') in 0.0208856 seconds
Number of updated asset objects reloaded before import = 0Number of asset objects unloaded after import = 1

========================================================================
Received Import Request.
  Time since last request: 0.000019 seconds.
  path: Assets/Plugins/Sirenix/Odin Validator/Editor/Config/RuleConfig.asset
  artifactKey: Guid(e5d0482de3f455241a1c3b33c66b87e8) Importer(2089858483,192608db42251d675da83286b1cce702)
Start importing Assets/Plugins/Sirenix/Odin Validator/Editor/Config/RuleConfig.asset using Guid(e5d0482de3f455241a1c3b33c66b87e8) Importer(2089858483,192608db42251d675da83286b1cce702) (ScriptedImporter) -> (artifact id: 'a30551b5c0579f191f95e79ca090116f') in 0.0224483 seconds
Number of updated asset objects reloaded before import = 0Number of asset objects unloaded after import = 1

========================================================================
Received Import Request.
  Time since last request: 0.000029 seconds.
  path: Assets/Plugins/Sirenix/Demos/Sample - RPG Editor/Scripts/Editor/CharacterTable.cs
  artifactKey: Guid(e45a7900d44e7714e85ea81f8f1a6f56) Importer(2089858483,192608db42251d675da83286b1cce702)
Start importing Assets/Plugins/Sirenix/Demos/Sample - RPG Editor/Scripts/Editor/CharacterTable.cs using Guid(e45a7900d44e7714e85ea81f8f1a6f56) Importer(2089858483,192608db42251d675da83286b1cce702) (ScriptedImporter) -> (artifact id: '5df4ef743a17f3dced06b55aa95bdb80') in 0.0130737 seconds
Number of updated asset objects reloaded before import = 0Number of asset objects unloaded after import = 0

========================================================================
Received Import Request.
  Time since last request: 0.000028 seconds.
  path: Assets/Plugins/Sirenix/Odin Inspector/Config/Editor/AOTGenerationConfig.asset
  artifactKey: Guid(939f48ff44b8f7c46bc720b392d9ecd8) Importer(2089858483,192608db42251d675da83286b1cce702)
Start importing Assets/Plugins/Sirenix/Odin Inspector/Config/Editor/AOTGenerationConfig.asset using Guid(939f48ff44b8f7c46bc720b392d9ecd8) Importer(2089858483,192608db42251d675da83286b1cce702) (ScriptedImporter) -> (artifact id: 'cc69622ee621863092c7790e880ac8cf') in 0.0167758 seconds
Number of updated asset objects reloaded before import = 0Number of asset objects unloaded after import = 1

========================================================================
Received Import Request.
  Time since last request: 0.000017 seconds.
  path: Assets/Plugins/Sirenix/Demos/Sample - RPG Editor/Scripts/Items/Item.cs
  artifactKey: Guid(c7e7fa066aa0b1b4fb09db10fa4eefa9) Importer(2089858483,192608db42251d675da83286b1cce702)
Start importing Assets/Plugins/Sirenix/Demos/Sample - RPG Editor/Scripts/Items/Item.cs using Guid(c7e7fa066aa0b1b4fb09db10fa4eefa9) Importer(2089858483,192608db42251d675da83286b1cce702) (ScriptedImporter) -> (artifact id: 'b8a9d974065ff67bae8ff331e2848005') in 0.0130466 seconds
Number of updated asset objects reloaded before import = 0Number of asset objects unloaded after import = 0

========================================================================
Received Import Request.
  Time since last request: 0.000018 seconds.
  path: Assets/Plugins/Sirenix/Odin Inspector/Config/Resources/Sirenix/GlobalSerializationConfig.asset
  artifactKey: Guid(ac15b14129c287f4cbb964bc0165ab15) Importer(2089858483,192608db42251d675da83286b1cce702)
Start importing Assets/Plugins/Sirenix/Odin Inspector/Config/Resources/Sirenix/GlobalSerializationConfig.asset using Guid(ac15b14129c287f4cbb964bc0165ab15) Importer(2089858483,192608db42251d675da83286b1cce702) (ScriptedImporter) -> (artifact id: '39113e4dce01a528ce92c6234b986173') in 0.0186985 seconds
Number of updated asset objects reloaded before import = 0Number of asset objects unloaded after import = 1

========================================================================
Received Import Request.
  Time since last request: 0.000019 seconds.
  path: Assets/Plugins/Sirenix/Odin Validator/Editor/Config/GlobalValidationConfig.asset
  artifactKey: Guid(d2ee79c518c2588499433db5f8092c49) Importer(2089858483,192608db42251d675da83286b1cce702)
Start importing Assets/Plugins/Sirenix/Odin Validator/Editor/Config/GlobalValidationConfig.asset using Guid(d2ee79c518c2588499433db5f8092c49) Importer(2089858483,192608db42251d675da83286b1cce702) (ScriptedImporter) -> (artifact id: '06089b3245a5ffa8c521e1aac26ce7d3') in 0.0173501 seconds
Number of updated asset objects reloaded before import = 0Number of asset objects unloaded after import = 1

========================================================================
Received Import Request.
  Time since last request: 0.000022 seconds.
  path: Assets/Plugins/Sirenix/Odin Inspector/Modules/Unity.Mathematics/manifest.txt
  artifactKey: Guid(ff71265c1ae5bff45a9cd279e0b6bd63) Importer(2089858483,192608db42251d675da83286b1cce702)
Start importing Assets/Plugins/Sirenix/Odin Inspector/Modules/Unity.Mathematics/manifest.txt using Guid(ff71265c1ae5bff45a9cd279e0b6bd63) Importer(2089858483,192608db42251d675da83286b1cce702) (ScriptedImporter) -> (artifact id: 'a0771686490fc348c073feff150ff8b2') in 0.0105637 seconds
Number of updated asset objects reloaded before import = 0Number of asset objects unloaded after import = 1

========================================================================
Received Import Request.
  Time since last request: 0.000032 seconds.
  path: Assets/Art/TilePallette/BiomeTiles/Gemini_Generated_Image_62b3pr62b3pr62b3_247.asset
  artifactKey: Guid(4263fbcee9f6f8f43833e82ef080a529) Importer(2089858483,192608db42251d675da83286b1cce702)
Start importing Assets/Art/TilePallette/BiomeTiles/Gemini_Generated_Image_62b3pr62b3pr62b3_247.asset using Guid(4263fbcee9f6f8f43833e82ef080a529) Importer(2089858483,192608db42251d675da83286b1cce702) (ScriptedImporter) -> (artifact id: '92efc29d1ab5211efa0de0961bd83bc7') in 0.0196753 seconds
Number of updated asset objects reloaded before import = 0Number of asset objects unloaded after import = 2

========================================================================
Received Import Request.
  Time since last request: 0.000018 seconds.
  path: Assets/Art/TilePallette/BiomeTiles/Gemini_Generated_Image_62b3pr62b3pr62b3_124.asset
  artifactKey: Guid(89e7467993de5d144bf358abdd91b167) Importer(2089858483,192608db42251d675da83286b1cce702)
Start importing Assets/Art/TilePallette/BiomeTiles/Gemini_Generated_Image_62b3pr62b3pr62b3_124.asset using Guid(89e7467993de5d144bf358abdd91b167) Importer(2089858483,192608db42251d675da83286b1cce702) (ScriptedImporter) -> (artifact id: '35dc43f764c487c442312be1ee3605b1') in 0.0175389 seconds
Number of updated asset objects reloaded before import = 0Number of asset objects unloaded after import = 2

========================================================================
Received Import Request.
  Time since last request: 0.000017 seconds.
  path: Assets/Plugins/Sirenix/Assemblies/Sirenix.Utilities.dll
  artifactKey: Guid(4873f2a8bdae42baa0406e8a61366ca1) Importer(2089858483,192608db42251d675da83286b1cce702)
Start importing Assets/Plugins/Sirenix/Assemblies/Sirenix.Utilities.dll using Guid(4873f2a8bdae42baa0406e8a61366ca1) Importer(2089858483,192608db42251d675da83286b1cce702) (ScriptedImporter) -> (artifact id: 'ba737d1738ddc8676442581e5e4ca844') in 0.0171798 seconds
Number of updated asset objects reloaded before import = 0Number of asset objects unloaded after import = 0

========================================================================
Received Import Request.
  Time since last request: 0.000023 seconds.
  path: Assets/Plugins/Sirenix/Odin Inspector/Assets/Editor/OdinPathLookup.asset
  artifactKey: Guid(08379ccefc05200459f90a1c0711a340) Importer(2089858483,192608db42251d675da83286b1cce702)
Start importing Assets/Plugins/Sirenix/Odin Inspector/Assets/Editor/OdinPathLookup.asset using Guid(08379ccefc05200459f90a1c0711a340) Importer(2089858483,192608db42251d675da83286b1cce702) (ScriptedImporter) -> (artifact id: '999757029ed65ce0dfdb531a0e929aaa') in 0.0136943 seconds
Number of updated asset objects reloaded before import = 0Number of asset objects unloaded after import = 1

========================================================================
Received Import Request.
  Time since last request: 0.000032 seconds.
  path: Assets/Art/TilePallette/BiomeTiles/Gemini_Generated_Image_62b3pr62b3pr62b3_167.asset
  artifactKey: Guid(2f5fc36e48c4f5c4490de804daceecaa) Importer(2089858483,192608db42251d675da83286b1cce702)
Start importing Assets/Art/TilePallette/BiomeTiles/Gemini_Generated_Image_62b3pr62b3pr62b3_167.asset using Guid(2f5fc36e48c4f5c4490de804daceecaa) Importer(2089858483,192608db42251d675da83286b1cce702) (ScriptedImporter) -> (artifact id: '856fa7deb954dcae2d671605468fc5c0') in 0.0173218 seconds
Number of updated asset objects reloaded before import = 0Number of asset objects unloaded after import = 2

========================================================================
Received Import Request.
  Time since last request: 0.000019 seconds.
  path: Assets/Plugins/Sirenix/Assemblies/Sirenix.Serialization.pdb
  artifactKey: Guid(5f3147f7af4c49739579b966c4580a6f) Importer(2089858483,192608db42251d675da83286b1cce702)
Start importing Assets/Plugins/Sirenix/Assemblies/Sirenix.Serialization.pdb using Guid(5f3147f7af4c49739579b966c4580a6f) Importer(2089858483,192608db42251d675da83286b1cce702) (ScriptedImporter) -> (artifact id: 'ce726dd56530a973f94b15c0693e3bec') in 0.0109267 seconds
Number of updated asset objects reloaded before import = 0Number of asset objects unloaded after import = 1

========================================================================
Received Import Request.
  Time since last request: 0.000021 seconds.
  path: Assets/Art/TilePallette/BiomeTiles/Gemini_Generated_Image_62b3pr62b3pr62b3_222.asset
  artifactKey: Guid(9b0fc327c055d69478b873459c3032d3) Importer(2089858483,192608db42251d675da83286b1cce702)
Start importing Assets/Art/TilePallette/BiomeTiles/Gemini_Generated_Image_62b3pr62b3pr62b3_222.asset using Guid(9b0fc327c055d69478b873459c3032d3) Importer(2089858483,192608db42251d675da83286b1cce702) (ScriptedImporter) -> (artifact id: 'abf3577106d016a25b9493b70a01c752') in 0.0148589 seconds
Number of updated asset objects reloaded before import = 0Number of asset objects unloaded after import = 2

========================================================================
Received Import Request.
  Time since last request: 0.000021 seconds.
  path: Assets/Art/TilePallette/BiomeTiles/Gemini_Generated_Image_62b3pr62b3pr62b3_11.asset
  artifactKey: Guid(245fcfe3ed652a84e964f03163903ce1) Importer(2089858483,192608db42251d675da83286b1cce702)
Start importing Assets/Art/TilePallette/BiomeTiles/Gemini_Generated_Image_62b3pr62b3pr62b3_11.asset using Guid(245fcfe3ed652a84e964f03163903ce1) Importer(2089858483,192608db42251d675da83286b1cce702) (ScriptedImporter) -> (artifact id: 'fe5754b263429d60773ea6658587e346') in 0.0141792 seconds
Number of updated asset objects reloaded before import = 0Number of asset objects unloaded after import = 2

========================================================================
Received Import Request.
  Time since last request: 0.000028 seconds.
  path: Assets/Art/TilePallette/BiomeTiles/Gemini_Generated_Image_62b3pr62b3pr62b3_180.asset
  artifactKey: Guid(e2799fdc6e6011e4da54094384444950) Importer(2089858483,192608db42251d675da83286b1cce702)
Start importing Assets/Art/TilePallette/BiomeTiles/Gemini_Generated_Image_62b3pr62b3pr62b3_180.asset using Guid(e2799fdc6e6011e4da54094384444950) Importer(2089858483,192608db42251d675da83286b1cce702) (ScriptedImporter) -> (artifact id: '2b45fc21605e1c86f5cafdec54a57c32') in 0.0136076 seconds
Number of updated asset objects reloaded before import = 0Number of asset objects unloaded after import = 2

========================================================================
Received Import Request.
  Time since last request: 0.000031 seconds.
  path: Assets/Art/TilePallette/TileSheet_101.asset
  artifactKey: Guid(b175a604043096740b796a7561a974e1) Importer(2089858483,192608db42251d675da83286b1cce702)
Start importing Assets/Art/TilePallette/TileSheet_101.asset using Guid(b175a604043096740b796a7561a974e1) Importer(2089858483,192608db42251d675da83286b1cce702) (ScriptedImporter) -> (artifact id: '68ea116cb1e2ec0a29641574714b3898') in 0.0141352 seconds
Number of updated asset objects reloaded before import = 0Number of asset objects unloaded after import = 2

========================================================================
Received Import Request.
  Time since last request: 0.000017 seconds.
  path: Assets/Art/TilePallette/FloorTiles/TileSheet_116.asset
  artifactKey: Guid(4679eca17a0e30e4ca37e14110b01f26) Importer(2089858483,192608db42251d675da83286b1cce702)
Start importing Assets/Art/TilePallette/FloorTiles/TileSheet_116.asset using Guid(4679eca17a0e30e4ca37e14110b01f26) Importer(2089858483,192608db42251d675da83286b1cce702) (ScriptedImporter) -> (artifact id: '35e16aa2f0de84dd4ca0e8f9f8296a68') in 0.0247011 seconds
Number of updated asset objects reloaded before import = 0Number of asset objects unloaded after import = 2

========================================================================
Received Import Request.
  Time since last request: 0.000022 seconds.
  path: Assets/Art/TilePallette/BiomeTiles/Gemini_Generated_Image_62b3pr62b3pr62b3_6.asset
  artifactKey: Guid(87d264a2bc33d484ea0a72e47ed78f66) Importer(2089858483,192608db42251d675da83286b1cce702)
Start importing Assets/Art/TilePallette/BiomeTiles/Gemini_Generated_Image_62b3pr62b3pr62b3_6.asset using Guid(87d264a2bc33d484ea0a72e47ed78f66) Importer(2089858483,192608db42251d675da83286b1cce702) (ScriptedImporter) -> (artifact id: '2a83bf2ac576bfce31fa9c99056d18f7') in 0.0150458 seconds
Number of updated asset objects reloaded before import = 0Number of asset objects unloaded after import = 2

========================================================================
Received Import Request.
  Time since last request: 0.000018 seconds.
  path: Assets/Art/TilePallette/FloorTiles/TileSheet_123.asset
  artifactKey: Guid(89cf09a0c3203ad48967334da4886b0e) Importer(2089858483,192608db42251d675da83286b1cce702)
Start importing Assets/Art/TilePallette/FloorTiles/TileSheet_123.asset using Guid(89cf09a0c3203ad48967334da4886b0e) Importer(2089858483,192608db42251d675da83286b1cce702) (ScriptedImporter) -> (artifact id: '8139f62c2545135266eb923576bb65a7') in 0.0141599 seconds
Number of updated asset objects reloaded before import = 0Number of asset objects unloaded after import = 2

========================================================================
Received Import Request.
  Time since last request: 0.000033 seconds.
  path: Assets/Art/TilePallette/FloorTiles/TileSheet_43.asset
  artifactKey: Guid(66843a4e05f683a46a391e9b9a7f7d3e) Importer(2089858483,192608db42251d675da83286b1cce702)
Start importing Assets/Art/TilePallette/FloorTiles/TileSheet_43.asset using Guid(66843a4e05f683a46a391e9b9a7f7d3e) Importer(2089858483,192608db42251d675da83286b1cce702) (ScriptedImporter) -> (artifact id: '0e8f19140652565c1e9e8d9be66c9d78') in 0.0145223 seconds
Number of updated asset objects reloaded before import = 0Number of asset objects unloaded after import = 2

========================================================================
Received Import Request.
  Time since last request: 0.000016 seconds.
  path: Assets/Art/TilePallette/BiomeTiles/Gemini_Generated_Image_62b3pr62b3pr62b3_205.asset
  artifactKey: Guid(6fbfeff1acc68ec4980fd426392465bb) Importer(2089858483,192608db42251d675da83286b1cce702)
Start importing Assets/Art/TilePallette/BiomeTiles/Gemini_Generated_Image_62b3pr62b3pr62b3_205.asset using Guid(6fbfeff1acc68ec4980fd426392465bb) Importer(2089858483,192608db42251d675da83286b1cce702) (ScriptedImporter) -> (artifact id: '381e3d1160453eaff09538ab6249974a') in 0.0158199 seconds
Number of updated asset objects reloaded before import = 0Number of asset objects unloaded after import = 2

========================================================================
Received Import Request.
  Time since last request: 0.000017 seconds.
  path: Assets/TextMesh Pro/Shaders/TMP_SDF-Mobile Masking.shader
  artifactKey: Guid(bc1ede39bf3643ee8e493720e4259791) Importer(2089858483,192608db42251d675da83286b1cce702)
Start importing Assets/TextMesh Pro/Shaders/TMP_SDF-Mobile Masking.shader using Guid(bc1ede39bf3643ee8e493720e4259791) Importer(2089858483,192608db42251d675da83286b1cce702) (ScriptedImporter) -> (artifact id: 'da7d6d9be489a1a7d8e0f30994b2a7c8') in 0.0154542 seconds
Number of updated asset objects reloaded before import = 0Number of asset objects unloaded after import = 1

========================================================================
Received Import Request.
  Time since last request: 0.000022 seconds.
  path: Assets/TextMesh Pro/Sprites/EmojiOne Attribution.txt
  artifactKey: Guid(381dcb09d5029d14897e55f98031fca5) Importer(2089858483,192608db42251d675da83286b1cce702)
Start importing Assets/TextMesh Pro/Sprites/EmojiOne Attribution.txt using Guid(381dcb09d5029d14897e55f98031fca5) Importer(2089858483,192608db42251d675da83286b1cce702) (ScriptedImporter) -> (artifact id: '6983948a8b49336138340908a0e4fae1') in 0.012897 seconds
Number of updated asset objects reloaded before import = 0Number of asset objects unloaded after import = 1

========================================================================
Received Import Request.
  Time since last request: 0.000031 seconds.
  path: Assets/Plugins/Sirenix/Odin Validator/Readme.txt
  artifactKey: Guid(151ca3ac64d79f9478810af1f27c4c57) Importer(2089858483,192608db42251d675da83286b1cce702)
Start importing Assets/Plugins/Sirenix/Odin Validator/Readme.txt using Guid(151ca3ac64d79f9478810af1f27c4c57) Importer(2089858483,192608db42251d675da83286b1cce702) (ScriptedImporter) -> (artifact id: 'e904430318a3ca77dd91d0f1b64629b7') in 0.0121725 seconds
Number of updated asset objects reloaded before import = 0Number of asset objects unloaded after import = 1

========================================================================
Received Import Request.
  Time since last request: 0.000023 seconds.
  path: Assets/Art/TilePallette/BiomeTiles/Gemini_Generated_Image_62b3pr62b3pr62b3_169.asset
  artifactKey: Guid(edc563796d80ba74e80eeaf29252d278) Importer(2089858483,192608db42251d675da83286b1cce702)
Start importing Assets/Art/TilePallette/BiomeTiles/Gemini_Generated_Image_62b3pr62b3pr62b3_169.asset using Guid(edc563796d80ba74e80eeaf29252d278) Importer(2089858483,192608db42251d675da83286b1cce702) (ScriptedImporter) -> (artifact id: '94b5caf91cd324517590e84cecbbdb0e') in 0.0137601 seconds
Number of updated asset objects reloaded before import = 0Number of asset objects unloaded after import = 2

========================================================================
Received Import Request.
  Time since last request: 29.423317 seconds.
  path: Assets/InputSystem_Actions.inputactions
  artifactKey: Guid(2bcd2660ca9b64942af0de543d8d7100) Importer(2089858483,192608db42251d675da83286b1cce702)
Start importing Assets/InputSystem_Actions.inputactions using Guid(2bcd2660ca9b64942af0de543d8d7100) Importer(2089858483,192608db42251d675da83286b1cce702) (ScriptedImporter) -> (artifact id: '2eef7514c7e5fe94166ea21857941ae0') in 0.1445738 seconds
Number of updated asset objects reloaded before import = 1Number of asset objects unloaded after import = 21

