[Licensing::Module] Trying to connect to existing licensing client channel...
[Licensing::IpcConnector] Successfully connected to: "LicenseClient-User" at "2026-04-30T08:24:30.3412314Z"
Built from '6000.2/staging' branch; Version is '6000.2.10f1 (d3d30d158480) revision 13882125'; Using compiler version '194234433'; Build Type 'Release'
OS: 'Windows 11  (10.0.26200) 64bit Core' Language: 'en' Physical Memory: 32692 MB
BatchMode: 1, IsHumanControllingUs: 0, StartBugReporterOnCrash: 0, Is64bit: 1
Date: 2026-04-30T08:24:30Z

COMMAND LINE ARGUMENTS:
C:\Program Files\6000.2.10f1\Editor\Unity.exe
-adb2
-batchMode
-noUpm
-name
AssetImportWorker12
-projectPath
E:/ProceduralDungeon
-logFile
Logs/AssetImportWorker12.log
-srvPort
65522
-licensingIpc
LicenseClient-User
-job-worker-count
11
-background-job-worker-count
8
-gc-helper-count
1
-name
AssetImport
Successfully changed project path to: E:/ProceduralDungeon
E:/ProceduralDungeon
[UnityMemory] Configuration Parameters - Can be set up in boot.config
    "memorysetup-allocator-temp-initial-block-size-main=262144"
    "memorysetup-allocator-temp-initial-block-size-worker=262144"
    "memorysetup-bucket-allocator-granularity=16"
    "memorysetup-bucket-allocator-bucket-count=8"
    "memorysetup-bucket-allocator-block-size=33554432"
    "memorysetup-bucket-allocator-block-count=8"
    "memorysetup-main-allocator-block-size=16777216"
    "memorysetup-thread-allocator-block-size=16777216"
    "memorysetup-gfx-main-allocator-block-size=16777216"
    "memorysetup-gfx-thread-allocator-block-size=16777216"
    "memorysetup-cache-allocator-block-size=4194304"
    "memorysetup-typetree-allocator-block-size=2097152"
    "memorysetup-profiler-bucket-allocator-granularity=16"
    "memorysetup-profiler-bucket-allocator-bucket-count=8"
    "memorysetup-profiler-bucket-allocator-block-size=33554432"
    "memorysetup-profiler-bucket-allocator-block-count=8"
    "memorysetup-profiler-allocator-block-size=16777216"
    "memorysetup-profiler-editor-allocator-block-size=1048576"
    "memorysetup-temp-allocator-size-main=16777216"
    "memorysetup-job-temp-allocator-block-size=2097152"
    "memorysetup-job-temp-allocator-block-size-background=1048576"
    "memorysetup-job-temp-allocator-reduction-small-platforms=262144"
    "memorysetup-temp-allocator-size-background-worker=32768"
    "memorysetup-temp-allocator-size-job-worker=262144"
    "memorysetup-temp-allocator-size-preload-manager=33554432"
    "memorysetup-temp-allocator-size-nav-mesh-worker=65536"
    "memorysetup-temp-allocator-size-audio-worker=65536"
    "memorysetup-temp-allocator-size-cloud-worker=32768"
    "memorysetup-temp-allocator-size-gi-baking-worker=262144"
    "memorysetup-temp-allocator-size-gi-baking-worker=262144"
    "memorysetup-temp-allocator-size-gi-baking-worker=262144"
    "memorysetup-temp-allocator-size-gi-baking-worker=262144"
    "memorysetup-temp-allocator-size-gi-baking-worker=262144"
    "memorysetup-temp-allocator-size-gfx=262144"
Player connection [25052]  Target information:

Player connection [25052]  * "[IP] 192.168.1.184 [Port] 0 [Flags] 2 [Guid] 1791136540 [EditorId] 1791136540 [Version] 1048832 [Id] WindowsEditor(7,DESKTOP-MROA2G9) [Debug] 1 [PackageName] WindowsEditor [ProjectName] Editor" 

Player connection [25052] Host joined multi-casting on [225.0.0.222:54997]...
Player connection [25052] Host joined alternative multi-casting on [225.0.0.222:34997]...
JobSystem: Creating JobQueue using job-worker-count value 11
Input System module state changed to: Initialized.
[Physics::Module] Initialized fallback backend.
[Physics::Module] Id: 0xdecafbad
[Licensing::Client] Code 10 while verifying Licensing Client signature (process Id: 32940, path: "C:/Users/User/Desktop/Unity Hub/UnityLicensingClient_V1/Unity.Licensing.Client.exe")
[Licensing::Module] LicensingClient has failed validation; ignoring
[Licensing::Client] Handshaking with LicensingClient:
  Version:                 1.17.4+4293ba1
  Session Id:              6f0c04a5d6eb4f9d8d20c767eef3db8b
  Correlation Id:          81d203aaf5b43afd424cb7c3d250fefc
  External correlation Id: 7437980674227564472
  Machine Id:              N26h/t0TNiQkg8J0E+Djhoi8Vvg=
[Licensing::Module] Successfully connected to LicensingClient on channel: "LicenseClient-User" (connect: 0.00s, validation: 0.00s, handshake: 0.05s)
[Licensing::IpcConnector] Successfully connected to: "LicenseClient-User-notifications" at "2026-04-30T08:24:30.3981513Z"
[Licensing::Module] Licensing Background thread has ended after 0.06s
Library Redirect Path: Library/
[Physics::Module] Selected backend.
[Physics::Module] Name: PhysX
[Physics::Module] Id: 0xf2b8ea05
[Physics::Module] SDK Version: 4.1.2
[Physics::Module] Integration Version: 1.0.0
[Physics::Module] Threading Mode: Multi-Threaded
Refreshing native plugins compatible for Editor in 4.67 ms, found 4 plugins.
Preloading 0 native plugins for Editor in 0.00 ms.
Initialize engine version: 6000.2.10f1 (d3d30d158480)
[Subsystems] Discovering subsystems at path C:/Program Files/6000.2.10f1/Editor/Data/Resources/UnitySubsystems
[Subsystems] Discovering subsystems at path E:/ProceduralDungeon/Assets
GfxDevice: creating device client; kGfxThreadingModeNonThreaded
Direct3D:
    Version:  Direct3D 11.0 [level 11.1]
    Renderer: NVIDIA GeForce RTX 3070 (ID=0x2484)
    Vendor:   NVIDIA
    VRAM:     8018 MB
    Driver:   32.0.15.6636
Initialize mono
Mono path[0] = 'C:/Program Files/6000.2.10f1/Editor/Data/Managed'
Mono path[1] = 'C:/Program Files/6000.2.10f1/Editor/Data/MonoBleedingEdge/lib/mono/unityjit-win32'
Mono config path = 'C:/Program Files/6000.2.10f1/Editor/Data/MonoBleedingEdge/etc'
Using monoOptions --debugger-agent=transport=dt_socket,embedding=1,server=y,suspend=n,address=127.0.0.1:56196
Begin MonoManager ReloadAssembly
Registering precompiled unity dll's ...
Register platform support module: C:/Program Files/6000.2.10f1/Editor/Data/PlaybackEngines/WindowsStandaloneSupport/UnityEditor.WindowsStandalone.Extensions.dll
Registered in 0.002743 seconds.
- Loaded All Assemblies, in  0.493 seconds
Native extension for WindowsStandalone target not found
Mono: successfully reloaded assembly
- Finished resetting the current domain, in  0.491 seconds
Domain Reload Profiling: 978ms
	BeginReloadAssembly (173ms)
		ExecutionOrderSort (0ms)
		DisableScriptedObjects (0ms)
		BackupInstance (0ms)
		ReleaseScriptingObjects (0ms)
		CreateAndSetChildDomain (1ms)
	RebuildCommonClasses (44ms)
	RebuildNativeTypeToScriptingClass (13ms)
	initialDomainReloadingComplete (65ms)
	LoadAllAssembliesAndSetupDomain (191ms)
		LoadAssemblies (167ms)
		RebuildTransferFunctionScriptingTraits (0ms)
		AnalyzeDomain (188ms)
			TypeCache.Refresh (185ms)
				TypeCache.ScanAssembly (168ms)
			BuildScriptInfoCaches (0ms)
			ResolveRequiredComponents (1ms)
	FinalizeReload (492ms)
		ReleaseScriptCaches (0ms)
		RebuildScriptCaches (0ms)
		SetupLoadedEditorAssemblies (431ms)
			LogAssemblyErrors (0ms)
			InitializePlatformSupportModulesInManaged (57ms)
			SetLoadedEditorAssemblies (5ms)
			BeforeProcessingInitializeOnLoad (96ms)
			ProcessInitializeOnLoadAttributes (207ms)
			ProcessInitializeOnLoadMethodAttributes (68ms)
			AfterProcessingInitializeOnLoad (0ms)
			EditorAssembliesLoaded (0ms)
		ExecutionOrderSort2 (0ms)
		AwakeInstancesAfterBackupRestoration (0ms)
Assembly reference Packages/com.unity.cinemachine/Editor/Samples/ExposeHDRPInternals/HDRP-Editor-ref.asmref has no target assembly definition
========================================================================
Worker process is ready to serve import requests
Import Worker Mode flag is 0x00
Assembly reference Packages/com.unity.cinemachine/Editor/Samples/ExposeHDRPInternals/HDRP-Editor-ref.asmref has no target assembly definition
Assembly reference Packages/com.unity.cinemachine/Editor/Samples/ExposeHDRPInternals/HDRP-Editor-ref.asmref has no target assembly definition
Begin MonoManager ReloadAssembly
[Licensing::Client] Successfully resolved entitlement details
[Licensing::Module] License group:
  Id: F4-RHZR-CMD6-PD46-HR52-XXXX
  Product: Unity Personal
  Type: ULF
  Expiration: Unlimited
[Licensing::Module] License group:
  Id: 6872308939192-UnityPersXXXX
  Product: Unity Personal
  Type: Assigned
  Expiration: Unlimited
- Loaded All Assemblies, in  1.246 seconds
Assembly reference Packages/com.unity.cinemachine/Editor/Samples/ExposeHDRPInternals/HDRP-Editor-ref.asmref has no target assembly definition
'Packages/com.unity.cinemachine/Editor/Obsolete/CinemachineVirtualCameraBaseEditor.cs' contains partial class of Unity.Object, exactly 1 of the partial classes needs to be in a file with the same filename. This is to know the one that can be referenced from ie. GameObjects
'Packages/com.unity.cinemachine/Editor/Editors/CinemachineVirtualCameraBaseEditor.cs' contains partial class of Unity.Object, exactly 1 of the partial classes needs to be in a file with the same filename. This is to know the one that can be referenced from ie. GameObjects
Refreshing native plugins compatible for Editor in 2.20 ms, found 4 plugins.
Native extension for WindowsStandalone target not found
Assembly reference Packages/com.unity.cinemachine/Editor/Samples/ExposeHDRPInternals/HDRP-Editor-ref.asmref has no target assembly definition
Package Manager log level set to [2]
[Package Manager] Failed to launch server process. Reason: Unity was launched with the -noUpm command-line argument
[Package Manager] Unable to send message (not connected to server process).
[Package Manager] Cannot connect to Unity Package Manager local server
[Package Manager] Failed to launch server process. Reason: Unity was launched with the -noUpm command-line argument
[Package Manager] Unable to send message (not connected to server process).
[Package Manager] Cannot connect to Unity Package Manager local server
Mono: successfully reloaded assembly
- Finished resetting the current domain, in  1.611 seconds
Domain Reload Profiling: 2847ms
	BeginReloadAssembly (242ms)
		ExecutionOrderSort (0ms)
		DisableScriptedObjects (7ms)
		BackupInstance (0ms)
		ReleaseScriptingObjects (0ms)
		CreateAndSetChildDomain (48ms)
	RebuildCommonClasses (46ms)
	RebuildNativeTypeToScriptingClass (13ms)
	initialDomainReloadingComplete (56ms)
	LoadAllAssembliesAndSetupDomain (880ms)
		LoadAssemblies (616ms)
		RebuildTransferFunctionScriptingTraits (0ms)
		AnalyzeDomain (390ms)
			TypeCache.Refresh (300ms)
				TypeCache.ScanAssembly (279ms)
			BuildScriptInfoCaches (72ms)
			ResolveRequiredComponents (13ms)
	FinalizeReload (1611ms)
		ReleaseScriptCaches (0ms)
		RebuildScriptCaches (0ms)
		SetupLoadedEditorAssemblies (1434ms)
			LogAssemblyErrors (0ms)
			InitializePlatformSupportModulesInManaged (3ms)
			SetLoadedEditorAssemblies (8ms)
			BeforeProcessingInitializeOnLoad (188ms)
			ProcessInitializeOnLoadAttributes (1047ms)
			ProcessInitializeOnLoadMethodAttributes (177ms)
			AfterProcessingInitializeOnLoad (11ms)
			EditorAssembliesLoaded (0ms)
		ExecutionOrderSort2 (0ms)
		AwakeInstancesAfterBackupRestoration (6ms)
Launched and connected shader compiler UnityShaderCompiler.exe after 0.02 seconds
Refreshing native plugins compatible for Editor in 25.18 ms, found 4 plugins.
Preloading 0 native plugins for Editor in 0.00 ms.
Unloading 14 Unused Serialized files (Serialized files now loaded: 0)
Unloading 7209 unused Assets / (4.7 MB). Loaded Objects now: 8009.
Memory consumption went from 144.3 MB to 139.6 MB.
Total: 113.128000 ms (FindLiveObjects: 1.635800 ms CreateObjectMapping: 2.188800 ms MarkObjects: 105.414700 ms  DeleteObjects: 3.886600 ms)

========================================================================
Received Import Request.
  Time since last request: 358170.834631 seconds.
  path: Assets/Art/TilePallette/FloorTiles/TileSheet_102.asset
  artifactKey: Guid(33dfe8879acd25947a6c832ac9bfd3b4) Importer(2089858483,192608db42251d675da83286b1cce702)
Start importing Assets/Art/TilePallette/FloorTiles/TileSheet_102.asset using Guid(33dfe8879acd25947a6c832ac9bfd3b4) Importer(2089858483,192608db42251d675da83286b1cce702) (ScriptedImporter) -> (artifact id: 'f880bbf97949a7b16da3f0e0a875e53b') in 0.2418563 seconds
Number of updated asset objects reloaded before import = 0Number of asset objects unloaded after import = 2

========================================================================
Received Import Request.
  Time since last request: 0.000020 seconds.
  path: Assets/Art/TilePallette/BiomeTiles/Gemini_Generated_Image_62b3pr62b3pr62b3_81.asset
  artifactKey: Guid(85b960545b8a25f428d337ab8ec04f20) Importer(2089858483,192608db42251d675da83286b1cce702)
Start importing Assets/Art/TilePallette/BiomeTiles/Gemini_Generated_Image_62b3pr62b3pr62b3_81.asset using Guid(85b960545b8a25f428d337ab8ec04f20) Importer(2089858483,192608db42251d675da83286b1cce702) (ScriptedImporter) -> (artifact id: '46d78aabf07088af2b05aa21890611f1') in 0.0198947 seconds
Number of updated asset objects reloaded before import = 0Number of asset objects unloaded after import = 2

========================================================================
Received Import Request.
  Time since last request: 0.000029 seconds.
  path: Assets/Art/TilePallette/BiomeTiles/Gemini_Generated_Image_62b3pr62b3pr62b3_56.asset
  artifactKey: Guid(487ee1859d6a942489ab379f91273d58) Importer(2089858483,192608db42251d675da83286b1cce702)
Start importing Assets/Art/TilePallette/BiomeTiles/Gemini_Generated_Image_62b3pr62b3pr62b3_56.asset using Guid(487ee1859d6a942489ab379f91273d58) Importer(2089858483,192608db42251d675da83286b1cce702) (ScriptedImporter) -> (artifact id: '41422263c87e0032a269b426938858aa') in 0.0144417 seconds
Number of updated asset objects reloaded before import = 0Number of asset objects unloaded after import = 2

========================================================================
Received Import Request.
  Time since last request: 0.000018 seconds.
  path: Assets/Art/TilePallette/FloorTiles/TileSheet_37.asset
  artifactKey: Guid(5fba4c7b8da0bdb4a8b011fdd3a36bc4) Importer(2089858483,192608db42251d675da83286b1cce702)
Start importing Assets/Art/TilePallette/FloorTiles/TileSheet_37.asset using Guid(5fba4c7b8da0bdb4a8b011fdd3a36bc4) Importer(2089858483,192608db42251d675da83286b1cce702) (ScriptedImporter) -> (artifact id: 'ffe615f3b9aee53af113ad91872a9348') in 0.0162966 seconds
Number of updated asset objects reloaded before import = 0Number of asset objects unloaded after import = 2

========================================================================
Received Import Request.
  Time since last request: 0.000016 seconds.
  path: Assets/Art/TilePallette/FloorTiles/TileSheet_38.asset
  artifactKey: Guid(af4c2b9f3cf3345488cfc3f8c1d7e9b8) Importer(2089858483,192608db42251d675da83286b1cce702)
Start importing Assets/Art/TilePallette/FloorTiles/TileSheet_38.asset using Guid(af4c2b9f3cf3345488cfc3f8c1d7e9b8) Importer(2089858483,192608db42251d675da83286b1cce702) (ScriptedImporter) -> (artifact id: '7c54f97ac63ae031935c601bd39352c3') in 0.0162463 seconds
Number of updated asset objects reloaded before import = 0Number of asset objects unloaded after import = 2

========================================================================
Received Import Request.
  Time since last request: 0.000022 seconds.
  path: Assets/Art/TilePallette/BiomeTiles/Gemini_Generated_Image_62b3pr62b3pr62b3_36.asset
  artifactKey: Guid(4f6e62754681e574d880381d103f4ed0) Importer(2089858483,192608db42251d675da83286b1cce702)
Start importing Assets/Art/TilePallette/BiomeTiles/Gemini_Generated_Image_62b3pr62b3pr62b3_36.asset using Guid(4f6e62754681e574d880381d103f4ed0) Importer(2089858483,192608db42251d675da83286b1cce702) (ScriptedImporter) -> (artifact id: '698d197eebd5e9a2a29a434bd5eb7ad2') in 0.0162591 seconds
Number of updated asset objects reloaded before import = 0Number of asset objects unloaded after import = 2

========================================================================
Received Import Request.
  Time since last request: 0.000033 seconds.
  path: Assets/Art/TilePallette/BiomeTiles/Gemini_Generated_Image_62b3pr62b3pr62b3_63.asset
  artifactKey: Guid(b758646a3ef3e6f48a45113460083e74) Importer(2089858483,192608db42251d675da83286b1cce702)
Start importing Assets/Art/TilePallette/BiomeTiles/Gemini_Generated_Image_62b3pr62b3pr62b3_63.asset using Guid(b758646a3ef3e6f48a45113460083e74) Importer(2089858483,192608db42251d675da83286b1cce702) (ScriptedImporter) -> (artifact id: '67599ece54c28ba6d48a6286ee105ad8') in 0.0144675 seconds
Number of updated asset objects reloaded before import = 0Number of asset objects unloaded after import = 2

========================================================================
Received Import Request.
  Time since last request: 0.000019 seconds.
  path: Assets/Art/TilePallette/BiomeTiles/Gemini_Generated_Image_62b3pr62b3pr62b3_241.asset
  artifactKey: Guid(d86a4432cdfb7124590b5edffa8d8050) Importer(2089858483,192608db42251d675da83286b1cce702)
Start importing Assets/Art/TilePallette/BiomeTiles/Gemini_Generated_Image_62b3pr62b3pr62b3_241.asset using Guid(d86a4432cdfb7124590b5edffa8d8050) Importer(2089858483,192608db42251d675da83286b1cce702) (ScriptedImporter) -> (artifact id: '7d4eeac272817b54284ae3475e6f4320') in 0.0150262 seconds
Number of updated asset objects reloaded before import = 0Number of asset objects unloaded after import = 2

========================================================================
Received Import Request.
  Time since last request: 0.000018 seconds.
  path: Assets/Art/TilePallette/FloorTiles/TileSheet_111.asset
  artifactKey: Guid(e5ee240f064d64d42bd282c6f9776a1a) Importer(2089858483,192608db42251d675da83286b1cce702)
Start importing Assets/Art/TilePallette/FloorTiles/TileSheet_111.asset using Guid(e5ee240f064d64d42bd282c6f9776a1a) Importer(2089858483,192608db42251d675da83286b1cce702) (ScriptedImporter) -> (artifact id: 'bb857bde71875ca600f186f44c925370') in 0.0153507 seconds
Number of updated asset objects reloaded before import = 0Number of asset objects unloaded after import = 2

========================================================================
Received Import Request.
  Time since last request: 0.000019 seconds.
  path: Assets/Art/TilePallette/BiomeTiles/Gemini_Generated_Image_62b3pr62b3pr62b3_58.asset
  artifactKey: Guid(b3865f77f1603904a9cd367fd2f0905a) Importer(2089858483,192608db42251d675da83286b1cce702)
Start importing Assets/Art/TilePallette/BiomeTiles/Gemini_Generated_Image_62b3pr62b3pr62b3_58.asset using Guid(b3865f77f1603904a9cd367fd2f0905a) Importer(2089858483,192608db42251d675da83286b1cce702) (ScriptedImporter) -> (artifact id: 'bd6b0677f22dc5f92b888b5324823d36') in 0.0157633 seconds
Number of updated asset objects reloaded before import = 0Number of asset objects unloaded after import = 2

========================================================================
Received Import Request.
  Time since last request: 0.000027 seconds.
  path: Assets/Art/TilePallette/BiomeTiles/Gemini_Generated_Image_62b3pr62b3pr62b3_209.asset
  artifactKey: Guid(a722d6ab62e08e346ad2449695d92e49) Importer(2089858483,192608db42251d675da83286b1cce702)
Start importing Assets/Art/TilePallette/BiomeTiles/Gemini_Generated_Image_62b3pr62b3pr62b3_209.asset using Guid(a722d6ab62e08e346ad2449695d92e49) Importer(2089858483,192608db42251d675da83286b1cce702) (ScriptedImporter) -> (artifact id: '896ddfd68bedbf1a86f4b6c470aa8357') in 0.0143309 seconds
Number of updated asset objects reloaded before import = 0Number of asset objects unloaded after import = 2

========================================================================
Received Import Request.
  Time since last request: 0.000020 seconds.
  path: Assets/Art/TilePallette/FloorTiles/TileSheet_71.asset
  artifactKey: Guid(ffc26be7b0572354b98f243c7fb50f85) Importer(2089858483,192608db42251d675da83286b1cce702)
Start importing Assets/Art/TilePallette/FloorTiles/TileSheet_71.asset using Guid(ffc26be7b0572354b98f243c7fb50f85) Importer(2089858483,192608db42251d675da83286b1cce702) (ScriptedImporter) -> (artifact id: '8986a07b202a91fa709b446be6cbb6e9') in 0.015858 seconds
Number of updated asset objects reloaded before import = 0Number of asset objects unloaded after import = 2

========================================================================
Received Import Request.
  Time since last request: 0.000021 seconds.
  path: Assets/Art/TilePallette/FloorTiles/TileSheet_42.asset
  artifactKey: Guid(520d7c9724952b94a8bd0a9605c237ba) Importer(2089858483,192608db42251d675da83286b1cce702)
Start importing Assets/Art/TilePallette/FloorTiles/TileSheet_42.asset using Guid(520d7c9724952b94a8bd0a9605c237ba) Importer(2089858483,192608db42251d675da83286b1cce702) (ScriptedImporter) -> (artifact id: 'cc1a5ac3898ed125280d2aeefd826d08') in 0.0157301 seconds
Number of updated asset objects reloaded before import = 0Number of asset objects unloaded after import = 2

========================================================================
Received Import Request.
  Time since last request: 0.000020 seconds.
  path: Assets/Art/TilePallette/FloorTiles/TileSheet_64.asset
  artifactKey: Guid(5f9f216bb5feb114d8814b6d551f1edb) Importer(2089858483,192608db42251d675da83286b1cce702)
Start importing Assets/Art/TilePallette/FloorTiles/TileSheet_64.asset using Guid(5f9f216bb5feb114d8814b6d551f1edb) Importer(2089858483,192608db42251d675da83286b1cce702) (ScriptedImporter) -> (artifact id: '303152bd3a10d85cf3c43ed96d27a51e') in 0.01587 seconds
Number of updated asset objects reloaded before import = 0Number of asset objects unloaded after import = 2

========================================================================
Received Import Request.
  Time since last request: 0.000034 seconds.
  path: Assets/Art/TilePallette/FloorTiles/TileSheet_54.asset
  artifactKey: Guid(600572c943d9b1b4ba65572f5cd12ea0) Importer(2089858483,192608db42251d675da83286b1cce702)
Start importing Assets/Art/TilePallette/FloorTiles/TileSheet_54.asset using Guid(600572c943d9b1b4ba65572f5cd12ea0) Importer(2089858483,192608db42251d675da83286b1cce702) (ScriptedImporter) -> (artifact id: '5492ee59762b77ebaec9882deb5d942f') in 0.0132664 seconds
Number of updated asset objects reloaded before import = 0Number of asset objects unloaded after import = 2

========================================================================
Received Import Request.
  Time since last request: 0.000018 seconds.
  path: Assets/Art/TilePallette/FloorTiles/TileSheet_49.asset
  artifactKey: Guid(711c2ec08dd95ea4ca215ba88038931d) Importer(2089858483,192608db42251d675da83286b1cce702)
Start importing Assets/Art/TilePallette/FloorTiles/TileSheet_49.asset using Guid(711c2ec08dd95ea4ca215ba88038931d) Importer(2089858483,192608db42251d675da83286b1cce702) (ScriptedImporter) -> (artifact id: 'a2a29ebc4d58f7dd094ff543ffdc33c6') in 0.0150856 seconds
Number of updated asset objects reloaded before import = 0Number of asset objects unloaded after import = 2

========================================================================
Received Import Request.
  Time since last request: 0.000018 seconds.
  path: Assets/Art/TilePallette/TileSheet_81.asset
  artifactKey: Guid(bd71e9b453ee3d44dab9de4383c5af2c) Importer(2089858483,192608db42251d675da83286b1cce702)
Start importing Assets/Art/TilePallette/TileSheet_81.asset using Guid(bd71e9b453ee3d44dab9de4383c5af2c) Importer(2089858483,192608db42251d675da83286b1cce702) (ScriptedImporter) -> (artifact id: 'cd37c212af430aea1cb5d40a28602988') in 0.0152412 seconds
Number of updated asset objects reloaded before import = 0Number of asset objects unloaded after import = 2

========================================================================
Received Import Request.
  Time since last request: 0.000026 seconds.
  path: Assets/Art/TilePallette/TileSheet_98.asset
  artifactKey: Guid(765d7d947f1c1d14d98dd717b4ad00c8) Importer(2089858483,192608db42251d675da83286b1cce702)
Start importing Assets/Art/TilePallette/TileSheet_98.asset using Guid(765d7d947f1c1d14d98dd717b4ad00c8) Importer(2089858483,192608db42251d675da83286b1cce702) (ScriptedImporter) -> (artifact id: '6a7020f32c0743504947b6659ebad506') in 0.0145025 seconds
Number of updated asset objects reloaded before import = 0Number of asset objects unloaded after import = 2

========================================================================
Received Import Request.
  Time since last request: 0.000031 seconds.
  path: Assets/Art/TilePallette/Walls/TileSheet_47.asset
  artifactKey: Guid(2c72fd90fbfa2114d8db106185c820d8) Importer(2089858483,192608db42251d675da83286b1cce702)
Start importing Assets/Art/TilePallette/Walls/TileSheet_47.asset using Guid(2c72fd90fbfa2114d8db106185c820d8) Importer(2089858483,192608db42251d675da83286b1cce702) (ScriptedImporter) -> (artifact id: '3a2c19c0c0294ed5b5bd03f19530143c') in 0.0164669 seconds
Number of updated asset objects reloaded before import = 0Number of asset objects unloaded after import = 2

========================================================================
Received Import Request.
  Time since last request: 0.000016 seconds.
  path: Assets/Art/TilePallette/FloorTiles/TileSheet_86.asset
  artifactKey: Guid(4c741d1dd86a4874389c504106e68d18) Importer(2089858483,192608db42251d675da83286b1cce702)
Start importing Assets/Art/TilePallette/FloorTiles/TileSheet_86.asset using Guid(4c741d1dd86a4874389c504106e68d18) Importer(2089858483,192608db42251d675da83286b1cce702) (ScriptedImporter) -> (artifact id: 'a22bdbd9329d92754d6ddaf5c4209fc6') in 0.0135296 seconds
Number of updated asset objects reloaded before import = 0Number of asset objects unloaded after import = 2

========================================================================
Received Import Request.
  Time since last request: 0.000017 seconds.
  path: Assets/Art/TilePallette/FloorTiles/TileSheet_9.asset
  artifactKey: Guid(23466f5c2d0711a458186053a2d8e76a) Importer(2089858483,192608db42251d675da83286b1cce702)
Start importing Assets/Art/TilePallette/FloorTiles/TileSheet_9.asset using Guid(23466f5c2d0711a458186053a2d8e76a) Importer(2089858483,192608db42251d675da83286b1cce702) (ScriptedImporter) -> (artifact id: 'd33572091ec035e38f957c19367ebe93') in 0.0142664 seconds
Number of updated asset objects reloaded before import = 0Number of asset objects unloaded after import = 2

========================================================================
Received Import Request.
  Time since last request: 0.000020 seconds.
  path: Assets/Art/TilePallette/FloorTiles/TileSheet_94.asset
  artifactKey: Guid(5615009e4e724d34eb1eedc4de758238) Importer(2089858483,192608db42251d675da83286b1cce702)
Start importing Assets/Art/TilePallette/FloorTiles/TileSheet_94.asset using Guid(5615009e4e724d34eb1eedc4de758238) Importer(2089858483,192608db42251d675da83286b1cce702) (ScriptedImporter) -> (artifact id: '8f1abc854aefbecc027f46229c5c739f') in 0.0161449 seconds
Number of updated asset objects reloaded before import = 0Number of asset objects unloaded after import = 2

========================================================================
Received Import Request.
  Time since last request: 0.000034 seconds.
  path: Assets/Art/TilePallette/Walls/TileSheet_38.asset
  artifactKey: Guid(5362922183853f84dbc8c3a4e840ccc8) Importer(2089858483,192608db42251d675da83286b1cce702)
Start importing Assets/Art/TilePallette/Walls/TileSheet_38.asset using Guid(5362922183853f84dbc8c3a4e840ccc8) Importer(2089858483,192608db42251d675da83286b1cce702) (ScriptedImporter) -> (artifact id: '5b9ee3cb397f6c5cd1f285792ce071b7') in 0.0171996 seconds
Number of updated asset objects reloaded before import = 0Number of asset objects unloaded after import = 2

========================================================================
Received Import Request.
  Time since last request: 0.000020 seconds.
  path: Assets/Art/TilePallette/Walls/TileSheet_59.asset
  artifactKey: Guid(4f3b81c732749ab4388ea0c56b5d0b7a) Importer(2089858483,192608db42251d675da83286b1cce702)
Start importing Assets/Art/TilePallette/Walls/TileSheet_59.asset using Guid(4f3b81c732749ab4388ea0c56b5d0b7a) Importer(2089858483,192608db42251d675da83286b1cce702) (ScriptedImporter) -> (artifact id: 'f28aa865045cb6e659efa0a179be8892') in 0.014433 seconds
Number of updated asset objects reloaded before import = 0Number of asset objects unloaded after import = 2

========================================================================
Received Import Request.
  Time since last request: 0.000019 seconds.
  path: Assets/Plugins/Sirenix/Assemblies/link.xml
  artifactKey: Guid(1bec01331befdea4d9ed9033eabd68f8) Importer(2089858483,192608db42251d675da83286b1cce702)
Start importing Assets/Plugins/Sirenix/Assemblies/link.xml using Guid(1bec01331befdea4d9ed9033eabd68f8) Importer(2089858483,192608db42251d675da83286b1cce702) (ScriptedImporter) -> (artifact id: 'd72bc8b5e0e73d76cb36877ce5635dc4') in 0.011383 seconds
Number of updated asset objects reloaded before import = 0Number of asset objects unloaded after import = 1

========================================================================
Received Import Request.
  Time since last request: 0.000017 seconds.
  path: Assets/TextMesh Pro/Resources/Fonts & Materials/LiberationSans SDF - Outline.mat
  artifactKey: Guid(79459efec17a4d00a321bdcc27bbc385) Importer(2089858483,192608db42251d675da83286b1cce702)
Start importing Assets/TextMesh Pro/Resources/Fonts & Materials/LiberationSans SDF - Outline.mat using Guid(79459efec17a4d00a321bdcc27bbc385) Importer(2089858483,192608db42251d675da83286b1cce702) (ScriptedImporter) -> (artifact id: 'e0f6c565955cfdd2a6172aec528dbad4') in 0.0364112 seconds
Number of updated asset objects reloaded before import = 0Number of asset objects unloaded after import = 2

========================================================================
Received Import Request.
  Time since last request: 0.000024 seconds.
  path: Assets/TextMesh Pro/Resources/Style Sheets/Default Style Sheet.asset
  artifactKey: Guid(f952c082cb03451daed3ee968ac6c63e) Importer(2089858483,192608db42251d675da83286b1cce702)
Start importing Assets/TextMesh Pro/Resources/Style Sheets/Default Style Sheet.asset using Guid(f952c082cb03451daed3ee968ac6c63e) Importer(2089858483,192608db42251d675da83286b1cce702) (ScriptedImporter) -> (artifact id: '0850b279f7fbe64b496b9a4b7f9665cb') in 0.0155788 seconds
Number of updated asset objects reloaded before import = 0Number of asset objects unloaded after import = 1

========================================================================
Received Import Request.
  Time since last request: 0.000028 seconds.
  path: Assets/Plugins/Sirenix/Assemblies/Sirenix.Utilities.Editor.dll
  artifactKey: Guid(5c65184932ff4fd48a343e2360256baf) Importer(2089858483,192608db42251d675da83286b1cce702)
Start importing Assets/Plugins/Sirenix/Assemblies/Sirenix.Utilities.Editor.dll using Guid(5c65184932ff4fd48a343e2360256baf) Importer(2089858483,192608db42251d675da83286b1cce702) (ScriptedImporter) -> (artifact id: '7a9ccd81311f0e71b3276f365bc495dc') in 0.0233896 seconds
Number of updated asset objects reloaded before import = 0Number of asset objects unloaded after import = 0

========================================================================
Received Import Request.
  Time since last request: 0.000017 seconds.
  path: Assets/Plugins/Sirenix/Assemblies/Sirenix.Reflection.Editor.pdb
  artifactKey: Guid(61824742f78323c439d83403f8270e6f) Importer(2089858483,192608db42251d675da83286b1cce702)
Start importing Assets/Plugins/Sirenix/Assemblies/Sirenix.Reflection.Editor.pdb using Guid(61824742f78323c439d83403f8270e6f) Importer(2089858483,192608db42251d675da83286b1cce702) (ScriptedImporter) -> (artifact id: '96fc9b3706f1d8b8a69e035b504e6dfe') in 0.0144433 seconds
Number of updated asset objects reloaded before import = 0Number of asset objects unloaded after import = 1

========================================================================
Received Import Request.
  Time since last request: 0.000017 seconds.
  path: Assets/Art/TilePallette/RoomDecor/Prefabs/Armoury1.prefab
  artifactKey: Guid(d4542b83e0e65804894e0d7017974b99) Importer(2089858483,192608db42251d675da83286b1cce702)
Start importing Assets/Art/TilePallette/RoomDecor/Prefabs/Armoury1.prefab using Guid(d4542b83e0e65804894e0d7017974b99) Importer(2089858483,192608db42251d675da83286b1cce702) (ScriptedImporter) -> (artifact id: '48c2a2fbd1fbab3372d1dd8b751da8c6') in 0.0605239 seconds
Number of updated asset objects reloaded before import = 0Number of asset objects unloaded after import = 8

========================================================================
Received Import Request.
  Time since last request: 0.000027 seconds.
  path: Assets/Plugins/Sirenix/Assemblies/Sirenix.Utilities.Editor.pdb
  artifactKey: Guid(5c65184932ff4fd48a343e2360250a6f) Importer(2089858483,192608db42251d675da83286b1cce702)
Start importing Assets/Plugins/Sirenix/Assemblies/Sirenix.Utilities.Editor.pdb using Guid(5c65184932ff4fd48a343e2360250a6f) Importer(2089858483,192608db42251d675da83286b1cce702) (ScriptedImporter) -> (artifact id: 'd9e23856c9c818fd0c914e73cfa78aae') in 0.0121021 seconds
Number of updated asset objects reloaded before import = 0Number of asset objects unloaded after import = 1

========================================================================
Received Import Request.
  Time since last request: 0.000028 seconds.
  path: Assets/Art/TilePallette/FloorTiles/TileSheet_3.asset
  artifactKey: Guid(cd1f4aa6365e5664ab720419f2cb706e) Importer(2089858483,192608db42251d675da83286b1cce702)
Start importing Assets/Art/TilePallette/FloorTiles/TileSheet_3.asset using Guid(cd1f4aa6365e5664ab720419f2cb706e) Importer(2089858483,192608db42251d675da83286b1cce702) (ScriptedImporter) -> (artifact id: '444f03edbf1a7677f92cc3d06650d7cf') in 0.0141692 seconds
Number of updated asset objects reloaded before import = 0Number of asset objects unloaded after import = 2

========================================================================
Received Import Request.
  Time since last request: 0.000019 seconds.
  path: Assets/Plugins/Sirenix/Demos/Sample - RPG Editor/Icons/upg_shield.png
  artifactKey: Guid(cc23a5e877180c940bfa40d8cf492d26) Importer(2089858483,192608db42251d675da83286b1cce702)
Start importing Assets/Plugins/Sirenix/Demos/Sample - RPG Editor/Icons/upg_shield.png using Guid(cc23a5e877180c940bfa40d8cf492d26) Importer(2089858483,192608db42251d675da83286b1cce702) (ScriptedImporter) -> (artifact id: '1e8cf8942da684fa9436419b756fb9f2') in 0.0571186 seconds
Number of updated asset objects reloaded before import = 0Number of asset objects unloaded after import = 3

========================================================================
Received Import Request.
  Time since last request: 0.000022 seconds.
  path: Assets/Plugins/Sirenix/Assemblies/NoEditor/Sirenix.Utilities.pdb
  artifactKey: Guid(5978f8f3dd274e848fbb7a123bde0a6f) Importer(2089858483,192608db42251d675da83286b1cce702)
Start importing Assets/Plugins/Sirenix/Assemblies/NoEditor/Sirenix.Utilities.pdb using Guid(5978f8f3dd274e848fbb7a123bde0a6f) Importer(2089858483,192608db42251d675da83286b1cce702) (ScriptedImporter) -> (artifact id: 'fc63370be81b17743f483be74f196567') in 0.0132673 seconds
Number of updated asset objects reloaded before import = 0Number of asset objects unloaded after import = 1

========================================================================
Received Import Request.
  Time since last request: 0.000018 seconds.
  path: Assets/Plugins/Sirenix/Demos/Sample - RPG Editor/Icons/tools.png
  artifactKey: Guid(3af7666693284e04eacc2fcd7c0f6c43) Importer(2089858483,192608db42251d675da83286b1cce702)
Start importing Assets/Plugins/Sirenix/Demos/Sample - RPG Editor/Icons/tools.png using Guid(3af7666693284e04eacc2fcd7c0f6c43) Importer(2089858483,192608db42251d675da83286b1cce702) (ScriptedImporter) -> (artifact id: 'b4f21c023151bb671021948b46a8c210') in 0.0239677 seconds
Number of updated asset objects reloaded before import = 0Number of asset objects unloaded after import = 3

========================================================================
Received Import Request.
  Time since last request: 0.000034 seconds.
  path: Assets/Plugins/Sirenix/Odin Inspector/Assets/Editor/Bootstrap License.txt
  artifactKey: Guid(3fdc67fad3e362e47b5dd365a0bbdd7f) Importer(2089858483,192608db42251d675da83286b1cce702)
Start importing Assets/Plugins/Sirenix/Odin Inspector/Assets/Editor/Bootstrap License.txt using Guid(3fdc67fad3e362e47b5dd365a0bbdd7f) Importer(2089858483,192608db42251d675da83286b1cce702) (ScriptedImporter) -> (artifact id: '251bff8caf4772ab341bae71ff355a2f') in 0.0122779 seconds
Number of updated asset objects reloaded before import = 0Number of asset objects unloaded after import = 1

========================================================================
Received Import Request.
  Time since last request: 0.000023 seconds.
  path: Assets/Plugins/Sirenix/Assemblies/NoEditor/Sirenix.Serialization.dll
  artifactKey: Guid(5651992cdad94894a3af7dc3f1da9170) Importer(2089858483,192608db42251d675da83286b1cce702)
Start importing Assets/Plugins/Sirenix/Assemblies/NoEditor/Sirenix.Serialization.dll using Guid(5651992cdad94894a3af7dc3f1da9170) Importer(2089858483,192608db42251d675da83286b1cce702) (ScriptedImporter) -> (artifact id: '511a44e67015db55454330907387cde1') in 0.0139524 seconds
Number of updated asset objects reloaded before import = 0Number of asset objects unloaded after import = 0

========================================================================
Received Import Request.
  Time since last request: 0.000017 seconds.
  path: Assets/Plugins/Sirenix/Assemblies/NoEmitAndNoEditor/Sirenix.Serialization.dll
  artifactKey: Guid(d2a8f0021d6b47c5923d8972dfb81ef1) Importer(2089858483,192608db42251d675da83286b1cce702)
Start importing Assets/Plugins/Sirenix/Assemblies/NoEmitAndNoEditor/Sirenix.Serialization.dll using Guid(d2a8f0021d6b47c5923d8972dfb81ef1) Importer(2089858483,192608db42251d675da83286b1cce702) (ScriptedImporter) -> (artifact id: 'a06015b0102cf051540dbc2e4a0f6d46') in 0.0160435 seconds
Number of updated asset objects reloaded before import = 0Number of asset objects unloaded after import = 0

========================================================================
Received Import Request.
  Time since last request: 0.000014 seconds.
  path: Assets/Art/TilePallette/TileSheet_109.asset
  artifactKey: Guid(a7fe96e73d3de9b438bff1bd6d76ce69) Importer(2089858483,192608db42251d675da83286b1cce702)
Start importing Assets/Art/TilePallette/TileSheet_109.asset using Guid(a7fe96e73d3de9b438bff1bd6d76ce69) Importer(2089858483,192608db42251d675da83286b1cce702) (ScriptedImporter) -> (artifact id: '2c93758c614696f8b132f4a829e556e1') in 0.2409533 seconds
Number of updated asset objects reloaded before import = 0Number of asset objects unloaded after import = 2

========================================================================
Received Import Request.
  Time since last request: 0.000024 seconds.
  path: Assets/Plugins/Sirenix/Demos/Editor Windows/Scripts/Editor/SomeTextureToolWindow.cs
  artifactKey: Guid(2a14e003cbbbc8446aace397291feeae) Importer(2089858483,192608db42251d675da83286b1cce702)
Start importing Assets/Plugins/Sirenix/Demos/Editor Windows/Scripts/Editor/SomeTextureToolWindow.cs using Guid(2a14e003cbbbc8446aace397291feeae) Importer(2089858483,192608db42251d675da83286b1cce702) (ScriptedImporter) -> (artifact id: '04677324f844a7bca8a2e8ebc5275074') in 0.0158819 seconds
Number of updated asset objects reloaded before import = 0Number of asset objects unloaded after import = 0

========================================================================
Received Import Request.
  Time since last request: 0.000034 seconds.
  path: Assets/Plugins/Sirenix/Demos/Sample - RPG Editor/Items/Armours/Megingjord.asset
  artifactKey: Guid(279d9496520f35c4a929a42ccb098e8c) Importer(2089858483,192608db42251d675da83286b1cce702)
Start importing Assets/Plugins/Sirenix/Demos/Sample - RPG Editor/Items/Armours/Megingjord.asset using Guid(279d9496520f35c4a929a42ccb098e8c) Importer(2089858483,192608db42251d675da83286b1cce702) (ScriptedImporter) -> (artifact id: 'd8c070f2fb7233073e7856a675d925a5') in 0.0155043 seconds
Number of updated asset objects reloaded before import = 0Number of asset objects unloaded after import = 2

========================================================================
Received Import Request.
  Time since last request: 0.000026 seconds.
  path: Assets/Plugins/Sirenix/Demos/Sample - RPG Editor/Items/Armours/Helmet.asset
  artifactKey: Guid(c3191bc4db2097f489c2fea5510b960b) Importer(2089858483,192608db42251d675da83286b1cce702)
Start importing Assets/Plugins/Sirenix/Demos/Sample - RPG Editor/Items/Armours/Helmet.asset using Guid(c3191bc4db2097f489c2fea5510b960b) Importer(2089858483,192608db42251d675da83286b1cce702) (ScriptedImporter) -> (artifact id: '6d88540701d246b5c2650ad8c85efa01') in 0.018478 seconds
Number of updated asset objects reloaded before import = 0Number of asset objects unloaded after import = 2

========================================================================
Received Import Request.
  Time since last request: 0.000019 seconds.
  path: Assets/Plugins/Sirenix/Demos/Sample - RPG Editor/Scripts/Character/CharacterOverview.cs
  artifactKey: Guid(7d15ad5c139f98a40940de12491e4e77) Importer(2089858483,192608db42251d675da83286b1cce702)
Start importing Assets/Plugins/Sirenix/Demos/Sample - RPG Editor/Scripts/Character/CharacterOverview.cs using Guid(7d15ad5c139f98a40940de12491e4e77) Importer(2089858483,192608db42251d675da83286b1cce702) (ScriptedImporter) -> (artifact id: '1e3354cf0c42410b20b5f23f68f87fab') in 0.0130531 seconds
Number of updated asset objects reloaded before import = 0Number of asset objects unloaded after import = 0

========================================================================
Received Import Request.
  Time since last request: 0.000017 seconds.
  path: Assets/Plugins/Sirenix/Demos/Sample - RPG Editor/Scripts/Items/Armor.cs
  artifactKey: Guid(3f34995f7b8b1b141b90405404550292) Importer(2089858483,192608db42251d675da83286b1cce702)
Start importing Assets/Plugins/Sirenix/Demos/Sample - RPG Editor/Scripts/Items/Armor.cs using Guid(3f34995f7b8b1b141b90405404550292) Importer(2089858483,192608db42251d675da83286b1cce702) (ScriptedImporter) -> (artifact id: '47e2d234a0300b081b0db0cf261182f5') in 0.0125556 seconds
Number of updated asset objects reloaded before import = 0Number of asset objects unloaded after import = 0

========================================================================
Received Import Request.
  Time since last request: 0.000022 seconds.
  path: Assets/Plugins/Sirenix/Demos/Sample - RPG Editor/Scripts/Items/EquipableItem.cs
  artifactKey: Guid(25fb2d936567b024e9bce5b9d7231b15) Importer(2089858483,192608db42251d675da83286b1cce702)
Start importing Assets/Plugins/Sirenix/Demos/Sample - RPG Editor/Scripts/Items/EquipableItem.cs using Guid(25fb2d936567b024e9bce5b9d7231b15) Importer(2089858483,192608db42251d675da83286b1cce702) (ScriptedImporter) -> (artifact id: 'c238abf2dda6ca3796efd3a0dabd34a9') in 0.012945 seconds
Number of updated asset objects reloaded before import = 0Number of asset objects unloaded after import = 0

========================================================================
Received Import Request.
  Time since last request: 0.000028 seconds.
  path: Assets/Plugins/Sirenix/Odin Inspector/Assets/Editor/Hidden/ExtractSpriteShader.shader
  artifactKey: Guid(0675e2791073a4147b190e55f1da7ac2) Importer(2089858483,192608db42251d675da83286b1cce702)
Start importing Assets/Plugins/Sirenix/Odin Inspector/Assets/Editor/Hidden/ExtractSpriteShader.shader using Guid(0675e2791073a4147b190e55f1da7ac2) Importer(2089858483,192608db42251d675da83286b1cce702) (ScriptedImporter) -> (artifact id: '93d8ddbb92066e8b289c2515d25c9d87') in 0.0163316 seconds
Number of updated asset objects reloaded before import = 0Number of asset objects unloaded after import = 1

========================================================================
Received Import Request.
  Time since last request: 0.000016 seconds.
  path: Assets/Plugins/Sirenix/Demos/Sample - RPG Editor/Scripts/Items/ConsumableItem.cs
  artifactKey: Guid(bca24c1bd2a20e04fa823a75c282cece) Importer(2089858483,192608db42251d675da83286b1cce702)
Start importing Assets/Plugins/Sirenix/Demos/Sample - RPG Editor/Scripts/Items/ConsumableItem.cs using Guid(bca24c1bd2a20e04fa823a75c282cece) Importer(2089858483,192608db42251d675da83286b1cce702) (ScriptedImporter) -> (artifact id: '0fd9c4a1febb6bfff31afd04e75990ef') in 0.0128313 seconds
Number of updated asset objects reloaded before import = 0Number of asset objects unloaded after import = 0

========================================================================
Received Import Request.
  Time since last request: 0.000018 seconds.
  path: Assets/Plugins/Sirenix/Demos/Sample - RPG Editor/Items/Weapons/Mjolnir.asset
  artifactKey: Guid(da06c416056e169499ec57af28fffbfe) Importer(2089858483,192608db42251d675da83286b1cce702)
Start importing Assets/Plugins/Sirenix/Demos/Sample - RPG Editor/Items/Weapons/Mjolnir.asset using Guid(da06c416056e169499ec57af28fffbfe) Importer(2089858483,192608db42251d675da83286b1cce702) (ScriptedImporter) -> (artifact id: '23d4aa5b9d81d70648285a2d9a236410') in 0.0194702 seconds
Number of updated asset objects reloaded before import = 0Number of asset objects unloaded after import = 2

========================================================================
Received Import Request.
  Time since last request: 0.000020 seconds.
  path: Assets/Plugins/Sirenix/Assemblies/Sirenix.Serialization.xml
  artifactKey: Guid(5f3147f7af4c49739579b966c458096f) Importer(2089858483,192608db42251d675da83286b1cce702)
Start importing Assets/Plugins/Sirenix/Assemblies/Sirenix.Serialization.xml using Guid(5f3147f7af4c49739579b966c458096f) Importer(2089858483,192608db42251d675da83286b1cce702) (ScriptedImporter) -> (artifact id: '2d8a3331bed6d1769c34ab01df1a4422') in 0.0125865 seconds
Number of updated asset objects reloaded before import = 0Number of asset objects unloaded after import = 1

========================================================================
Received Import Request.
  Time since last request: 0.000021 seconds.
  path: Assets/Art/TilePallette/BiomeTiles/Gemini_Generated_Image_62b3pr62b3pr62b3_199.asset
  artifactKey: Guid(01244b879e9ba8a408ec904bb26996a8) Importer(2089858483,192608db42251d675da83286b1cce702)
Start importing Assets/Art/TilePallette/BiomeTiles/Gemini_Generated_Image_62b3pr62b3pr62b3_199.asset using Guid(01244b879e9ba8a408ec904bb26996a8) Importer(2089858483,192608db42251d675da83286b1cce702) (ScriptedImporter) -> (artifact id: 'e9e5996bb2654fc38666a65534aeef66') in 0.0148417 seconds
Number of updated asset objects reloaded before import = 0Number of asset objects unloaded after import = 2

========================================================================
Received Import Request.
  Time since last request: 0.000030 seconds.
  path: Assets/Art/TilePallette/BiomeTiles/Gemini_Generated_Image_62b3pr62b3pr62b3_79.asset
  artifactKey: Guid(8826cafa5a779d2479ebb0732b4d34ee) Importer(2089858483,192608db42251d675da83286b1cce702)
Start importing Assets/Art/TilePallette/BiomeTiles/Gemini_Generated_Image_62b3pr62b3pr62b3_79.asset using Guid(8826cafa5a779d2479ebb0732b4d34ee) Importer(2089858483,192608db42251d675da83286b1cce702) (ScriptedImporter) -> (artifact id: '8f7ede0d20b4808c188a961c14e8542d') in 0.0152437 seconds
Number of updated asset objects reloaded before import = 0Number of asset objects unloaded after import = 2

========================================================================
Received Import Request.
  Time since last request: 0.000019 seconds.
  path: Assets/Art/TilePallette/BiomeTiles/Gemini_Generated_Image_62b3pr62b3pr62b3_83.asset
  artifactKey: Guid(3627f2f87e163ba46a447a4f615e68e5) Importer(2089858483,192608db42251d675da83286b1cce702)
Start importing Assets/Art/TilePallette/BiomeTiles/Gemini_Generated_Image_62b3pr62b3pr62b3_83.asset using Guid(3627f2f87e163ba46a447a4f615e68e5) Importer(2089858483,192608db42251d675da83286b1cce702) (ScriptedImporter) -> (artifact id: 'b103504e606af87c142803d1d6da20ea') in 0.0140155 seconds
Number of updated asset objects reloaded before import = 0Number of asset objects unloaded after import = 2

========================================================================
Received Import Request.
  Time since last request: 0.000020 seconds.
  path: Assets/Plugins/Sirenix/Assemblies/Sirenix.OdinValidator.Editor.pdb
  artifactKey: Guid(afbf832bc46149f5a291e87cab630a6f) Importer(2089858483,192608db42251d675da83286b1cce702)
Start importing Assets/Plugins/Sirenix/Assemblies/Sirenix.OdinValidator.Editor.pdb using Guid(afbf832bc46149f5a291e87cab630a6f) Importer(2089858483,192608db42251d675da83286b1cce702) (ScriptedImporter) -> (artifact id: '8a129f879de1d48dc39ab25b79e45072') in 0.0135447 seconds
Number of updated asset objects reloaded before import = 0Number of asset objects unloaded after import = 1

========================================================================
Received Import Request.
  Time since last request: 0.000019 seconds.
  path: Assets/TextMesh Pro/Shaders/TMP_Bitmap-Custom-Atlas.shader
  artifactKey: Guid(48bb5f55d8670e349b6e614913f9d910) Importer(2089858483,192608db42251d675da83286b1cce702)
Start importing Assets/TextMesh Pro/Shaders/TMP_Bitmap-Custom-Atlas.shader using Guid(48bb5f55d8670e349b6e614913f9d910) Importer(2089858483,192608db42251d675da83286b1cce702) (ScriptedImporter) -> (artifact id: 'f2b725b6a9e4b377afc8ae20038b50bd') in 0.0142655 seconds
Number of updated asset objects reloaded before import = 0Number of asset objects unloaded after import = 1

========================================================================
Received Import Request.
  Time since last request: 0.000023 seconds.
  path: Assets/Art/TilePallette/BiomeTiles/Gemini_Generated_Image_62b3pr62b3pr62b3_20.asset
  artifactKey: Guid(0ae6068a6e053b348a1a51ecadc41df7) Importer(2089858483,192608db42251d675da83286b1cce702)
Start importing Assets/Art/TilePallette/BiomeTiles/Gemini_Generated_Image_62b3pr62b3pr62b3_20.asset using Guid(0ae6068a6e053b348a1a51ecadc41df7) Importer(2089858483,192608db42251d675da83286b1cce702) (ScriptedImporter) -> (artifact id: 'eb87c07c8851a53c9d449f83be93a63b') in 0.0150574 seconds
Number of updated asset objects reloaded before import = 0Number of asset objects unloaded after import = 2

========================================================================
Received Import Request.
  Time since last request: 0.000032 seconds.
  path: Assets/Art/TilePallette/BiomeTiles/Gemini_Generated_Image_62b3pr62b3pr62b3_246.asset
  artifactKey: Guid(648d7ae0edf97a74fb94b60e5e7ad5d2) Importer(2089858483,192608db42251d675da83286b1cce702)
Start importing Assets/Art/TilePallette/BiomeTiles/Gemini_Generated_Image_62b3pr62b3pr62b3_246.asset using Guid(648d7ae0edf97a74fb94b60e5e7ad5d2) Importer(2089858483,192608db42251d675da83286b1cce702) (ScriptedImporter) -> (artifact id: '596b21d4627c3d6c71f15bf4b5f570ec') in 0.0144135 seconds
Number of updated asset objects reloaded before import = 0Number of asset objects unloaded after import = 2

========================================================================
Received Import Request.
  Time since last request: 0.000021 seconds.
  path: Assets/Art/TilePallette/BiomeTiles/Gemini_Generated_Image_62b3pr62b3pr62b3_127.asset
  artifactKey: Guid(42f39c4fd7cd9d24cb63dfcdf9f890a0) Importer(2089858483,192608db42251d675da83286b1cce702)
Start importing Assets/Art/TilePallette/BiomeTiles/Gemini_Generated_Image_62b3pr62b3pr62b3_127.asset using Guid(42f39c4fd7cd9d24cb63dfcdf9f890a0) Importer(2089858483,192608db42251d675da83286b1cce702) (ScriptedImporter) -> (artifact id: '79d83543c7b3e041c876fe3b9b18cb3a') in 0.0149011 seconds
Number of updated asset objects reloaded before import = 0Number of asset objects unloaded after import = 2

========================================================================
Received Import Request.
  Time since last request: 0.000016 seconds.
  path: Assets/Art/TilePallette/FloorTiles/TileSheet_72.asset
  artifactKey: Guid(34454dbd346ac714c875003059c2735d) Importer(2089858483,192608db42251d675da83286b1cce702)
Start importing Assets/Art/TilePallette/FloorTiles/TileSheet_72.asset using Guid(34454dbd346ac714c875003059c2735d) Importer(2089858483,192608db42251d675da83286b1cce702) (ScriptedImporter) -> (artifact id: '6a315f722534989006b2c2184b2b91c7') in 0.0643505 seconds
Number of updated asset objects reloaded before import = 0Number of asset objects unloaded after import = 2

========================================================================
Received Import Request.
  Time since last request: 0.000024 seconds.
  path: Assets/Art/TilePallette/BiomeTiles/Gemini_Generated_Image_62b3pr62b3pr62b3_120.asset
  artifactKey: Guid(b6b02e8c22989da4080eb422d1620729) Importer(2089858483,192608db42251d675da83286b1cce702)
Start importing Assets/Art/TilePallette/BiomeTiles/Gemini_Generated_Image_62b3pr62b3pr62b3_120.asset using Guid(b6b02e8c22989da4080eb422d1620729) Importer(2089858483,192608db42251d675da83286b1cce702) (ScriptedImporter) -> (artifact id: '66c2a7ff486792e8a0ef2fb165601687') in 0.0138983 seconds
Number of updated asset objects reloaded before import = 0Number of asset objects unloaded after import = 2

========================================================================
Received Import Request.
  Time since last request: 0.000032 seconds.
  path: Assets/Art/TilePallette/FloorTiles/TileSheet_68.asset
  artifactKey: Guid(6f1b3d7fca712634d90a221ee9ad73ed) Importer(2089858483,192608db42251d675da83286b1cce702)
Start importing Assets/Art/TilePallette/FloorTiles/TileSheet_68.asset using Guid(6f1b3d7fca712634d90a221ee9ad73ed) Importer(2089858483,192608db42251d675da83286b1cce702) (ScriptedImporter) -> (artifact id: '4d852d5ec419b222f9eb7c8e96770cd6') in 0.0141269 seconds
Number of updated asset objects reloaded before import = 0Number of asset objects unloaded after import = 2

========================================================================
Received Import Request.
  Time since last request: 0.000016 seconds.
  path: Assets/Plugins/Sirenix/Assemblies/NoEditor/Sirenix.Utilities.dll
  artifactKey: Guid(5978f8f3dd274e848fbb7a123bde1fb9) Importer(2089858483,192608db42251d675da83286b1cce702)
Start importing Assets/Plugins/Sirenix/Assemblies/NoEditor/Sirenix.Utilities.dll using Guid(5978f8f3dd274e848fbb7a123bde1fb9) Importer(2089858483,192608db42251d675da83286b1cce702) (ScriptedImporter) -> (artifact id: 'df3658b2bf06c917fe4c8c6896f94c7e') in 0.0123227 seconds
Number of updated asset objects reloaded before import = 0Number of asset objects unloaded after import = 0

========================================================================
Received Import Request.
  Time since last request: 0.000017 seconds.
  path: Assets/Art/TilePallette/FloorTiles/TileSheet_32.asset
  artifactKey: Guid(e1844c276ff198d4d908e6c2a3981e0e) Importer(2089858483,192608db42251d675da83286b1cce702)
Start importing Assets/Art/TilePallette/FloorTiles/TileSheet_32.asset using Guid(e1844c276ff198d4d908e6c2a3981e0e) Importer(2089858483,192608db42251d675da83286b1cce702) (ScriptedImporter) -> (artifact id: 'fd3545b225b269353aeccdfa76f1ce26') in 0.0127052 seconds
Number of updated asset objects reloaded before import = 0Number of asset objects unloaded after import = 2

========================================================================
Received Import Request.
  Time since last request: 0.000016 seconds.
  path: Assets/Art/TilePallette/BiomeTiles/Gemini_Generated_Image_62b3pr62b3pr62b3_10.asset
  artifactKey: Guid(775e333365777b64c9cd21e9636d6cd9) Importer(2089858483,192608db42251d675da83286b1cce702)
Start importing Assets/Art/TilePallette/BiomeTiles/Gemini_Generated_Image_62b3pr62b3pr62b3_10.asset using Guid(775e333365777b64c9cd21e9636d6cd9) Importer(2089858483,192608db42251d675da83286b1cce702) (ScriptedImporter) -> (artifact id: '43b537e6d229112ec922e22516603b1b') in 0.0129142 seconds
Number of updated asset objects reloaded before import = 0Number of asset objects unloaded after import = 2

========================================================================
Received Import Request.
  Time since last request: 0.000020 seconds.
  path: Assets/Plugins/Sirenix/Odin Inspector/Assets/Editor/ConfigData.bytes
  artifactKey: Guid(90eaa0dc28c1934408dc1c02e13a507f) Importer(2089858483,192608db42251d675da83286b1cce702)
Start importing Assets/Plugins/Sirenix/Odin Inspector/Assets/Editor/ConfigData.bytes using Guid(90eaa0dc28c1934408dc1c02e13a507f) Importer(2089858483,192608db42251d675da83286b1cce702) (ScriptedImporter) -> (artifact id: 'e1109f32904c1362cac7fb84bad9aa0d') in 0.0127294 seconds
Number of updated asset objects reloaded before import = 0Number of asset objects unloaded after import = 1

========================================================================
Received Import Request.
  Time since last request: 0.000029 seconds.
  path: Assets/Art/TilePallette/BiomeTiles/Gemini_Generated_Image_62b3pr62b3pr62b3_253.asset
  artifactKey: Guid(ab11ecc7334fe6643975b8a41ff395b4) Importer(2089858483,192608db42251d675da83286b1cce702)
Start importing Assets/Art/TilePallette/BiomeTiles/Gemini_Generated_Image_62b3pr62b3pr62b3_253.asset using Guid(ab11ecc7334fe6643975b8a41ff395b4) Importer(2089858483,192608db42251d675da83286b1cce702) (ScriptedImporter) -> (artifact id: 'b064ca7f937efc9679981c19d7c0b1a8') in 0.0198767 seconds
Number of updated asset objects reloaded before import = 0Number of asset objects unloaded after import = 2

========================================================================
Received Import Request.
  Time since last request: 0.000016 seconds.
  path: Assets/Art/TilePallette/BiomeTiles/Gemini_Generated_Image_62b3pr62b3pr62b3_44.asset
  artifactKey: Guid(3823009a3072b8044b768e6285aabaf4) Importer(2089858483,192608db42251d675da83286b1cce702)
Start importing Assets/Art/TilePallette/BiomeTiles/Gemini_Generated_Image_62b3pr62b3pr62b3_44.asset using Guid(3823009a3072b8044b768e6285aabaf4) Importer(2089858483,192608db42251d675da83286b1cce702) (ScriptedImporter) -> (artifact id: 'f102308b46c6480419202f2d748563a0') in 0.0221923 seconds
Number of updated asset objects reloaded before import = 0Number of asset objects unloaded after import = 2

